06-13 02:22:54.968  3162  6586 D OomAdjuster: system app not need limit!
06-13 02:22:54.968  3162  3233 D OomAdjuster: set group = -1
06-13 02:22:54.968  3162  3233 D OomAdjuster: set cpuset: -1
06-13 02:22:54.968  4354  4354 D NtViewRootImpl: mPopUpViewOffsets: offset=(0.0, 0.0), scale=(1.0, 1.0)
06-13 02:22:54.970  3162  3628 I ImeTracker: com.nothing.launcher:1bd71ec9: onRequestHide at ORIGIN_SERVER reason HIDE_SAME_WINDOW_FOCUSED_WITHOUT_EDITOR fromUser false
06-13 02:22:54.971  4354  4354 D InsetsController: hide(ime(), fromIme=false)
06-13 02:22:54.971  4354  4354 I ImeTracker: com.nothing.launcher:1bd71ec9: onCancelled at PHASE_CLIENT_ALREADY_HIDDEN
06-13 02:22:54.971 18313 18313 I GoogleInputMethodService: GoogleInputMethodService.onFinishInput():2259 
06-13 02:22:54.972 18313 18313 I Module  : DeviceLockedStatusModuleProvider$Module.updateDeviceLockedStatusInternal():127 repeatCheckTimes = 0, locked = false
06-13 02:22:54.972 18313 18313 I GoogleInputMethodService: GoogleInputMethodService.onStartInput():1446 onStartInput(EditorInfo{EditorInfo{packageName=com.nothing.launcher, inputType=80001, inputTypeString=Normal[NoSuggestion], enableLearning=true, autoCorrection=true, autoComplete=true, imeOptions=10000003, privateImeOptions=null, actionName=SEARCH, actionLabel=null, initialSelStart=-1, initialSelEnd=-1, initialCapsMode=0, label=null, fieldId=0, fieldName=null, extras=null, hintText=null, hintLocales=[]}}, false)
06-13 02:22:54.972 18313 18313 I AndroidIME: LatinIMEBase.updateInputViewCoverNavigation():321 Update input view padding, isNavbarOverInputWindow=true, bottom inset=126
06-13 02:22:54.973 18313 18313 I Module  : DeviceLockedStatusModuleProvider$Module.updateDeviceLockedStatusInternal():127 repeatCheckTimes = 1, locked = false
06-13 02:22:54.973  3162  6652 W PackageConfigPersister: App-specific configuration not found for packageName: com.nothing.launcher and userId: 0
06-13 02:22:54.980  4354  4354 D AIWidgetView_RemoteSurface: isSurfaceViewShowing: true.
06-13 02:22:54.980  4354  4354 D AIWidgetView_RemoteSurface: isSurfaceViewShowing: true.
06-13 02:22:54.996  4354  4354 D AIWidgetView_RemoteSurface: isSurfaceViewShowing: true.
06-13 02:22:54.996  4354  4354 D AIWidgetView_RemoteSurface: isSurfaceViewShowing: true.
06-13 02:22:55.008  2176  5433 E ANDR-PERF-LM: StatsProvider: stats_nl_error_callback() 147: NL SOC receive error: No such process
06-13 02:22:55.008  2176  5433 E ANDR-PERF-LM: StatsProvider: sendRecvData() 476: nl_recvmsgs failed return=-12
06-13 02:22:55.008  2176  5433 E ANDR-PERF-LM: StatsProvider: getPIDStats() 200: sendRecvData returned error = -4
06-13 02:22:55.008  2176  5433 E ANDR-PERF-LM: MemoryMeter: start() 174: getPIDStats failed, stopping meter thread
06-13 02:22:55.013  4354  4354 D AIWidgetView_RemoteSurface: isSurfaceViewShowing: true.
06-13 02:22:55.013  4354  4354 D AIWidgetView_RemoteSurface: isSurfaceViewShowing: true.
06-13 02:22:55.022 31577 31840 D BufferPoolAccessor2.0: bufferpool2 0xb4000079929218e8 : 5(40960 size) total buffers - 1(8192 size) used buffers - 435989/436004 (recycle/alloc) - 497/871276 (fetch/transfer)
06-13 02:22:55.029  4354  4354 D AIWidgetView_RemoteSurface: isSurfaceViewShowing: true.
06-13 02:22:55.030  4354  4354 D AIWidgetView_RemoteSurface: isSurfaceViewShowing: true.
06-13 02:22:55.046  4354  4354 D AIWidgetView_RemoteSurface: isSurfaceViewShowing: true.
06-13 02:22:55.046  4354  4354 D AIWidgetView_RemoteSurface: isSurfaceViewShowing: true.
06-13 02:22:55.063  4354  4354 D AIWidgetView_RemoteSurface: isSurfaceViewShowing: true.
06-13 02:22:55.063  4354  4354 D AIWidgetView_RemoteSurface: isSurfaceViewShowing: true.
06-13 02:22:55.080  4354  4354 D AIWidgetView_RemoteSurface: isSurfaceViewShowing: true.
06-13 02:22:55.080  4354  4354 D AIWidgetView_RemoteSurface: isSurfaceViewShowing: true.
06-13 02:22:55.096  4354  4354 D AIWidgetView_RemoteSurface: isSurfaceViewShowing: true.
06-13 02:22:55.096  4354  4354 D AIWidgetView_RemoteSurface: isSurfaceViewShowing: true.
06-13 02:22:55.113  4354  4354 D AIWidgetView_RemoteSurface: isSurfaceViewShowing: true.
06-13 02:22:55.113  4354  4354 D AIWidgetView_RemoteSurface: isSurfaceViewShowing: true.
06-13 02:22:55.129  4354  4354 D AIWidgetView_RemoteSurface: isSurfaceViewShowing: true.
06-13 02:22:55.130  4354  4354 D AIWidgetView_RemoteSurface: isSurfaceViewShowing: true.
06-13 02:22:55.134  3954  3961 W System  : A resource failed to call release. 
06-13 02:22:55.134  3954  3961 W System  : A resource failed to call release. 
06-13 02:22:55.134  3954  3961 W System  : A resource failed to call release. 
06-13 02:22:55.134  3954  3961 W System  : A resource failed to call release. 
06-13 02:22:55.134  3954  3961 W System  : A resource failed to call release. 
06-13 02:22:55.134  3954  3961 W System  : A resource failed to call release. 
06-13 02:22:55.134  3954  3961 W System  : A resource failed to call release. 
06-13 02:22:55.137  3954  3961 W System  : A resource failed to call release. 
06-13 02:22:55.137  3954  3961 W System  : A resource failed to call release. 
06-13 02:22:55.137  3954  3961 W System  : A resource failed to call release. 
06-13 02:22:55.137  3954  3961 W System  : A resource failed to call release. 
06-13 02:22:55.137  3954  3961 W System  : A resource failed to call release. 
06-13 02:22:55.137  3954  3961 W System  : A resource failed to call release. 
06-13 02:22:55.137  3954  3961 W System  : A resource failed to call release. 
06-13 02:22:55.137  3954  3961 W System  : A resource failed to call release. 
06-13 02:22:55.137  3954  3961 W System  : A resource failed to call release. 
06-13 02:22:55.137  3954  3961 W System  : A resource failed to call release. 
06-13 02:22:55.137  3954  3961 W System  : A resource failed to call release. 
06-13 02:22:55.137  3954  3961 W System  : A resource failed to call release. 
06-13 02:22:55.137  3954  3961 W System  : A resource failed to call release. 
06-13 02:22:55.137  3954  3961 W System  : A resource failed to call release. 
06-13 02:22:55.137  3954  3961 W System  : A resource failed to call release. 
06-13 02:22:55.137  3954  3961 W System  : A resource failed to call release. 
06-13 02:22:55.137  3954  3961 W System  : A resource failed to call release. 
06-13 02:22:55.137  3954  3961 W System  : A resource failed to call release. 
06-13 02:22:55.137  3954  3961 W System  : A resource failed to call release. 
06-13 02:22:55.137  3954  3961 W System  : A resource failed to call release. 
06-13 02:22:55.137  3954  3961 W System  : A resource failed to call release. 
06-13 02:22:55.137  3954  3961 W System  : A resource failed to call release. 
06-13 02:22:55.137  3954  3961 W System  : A resource failed to call release. 
06-13 02:22:55.137  3954  3961 W System  : A resource failed to call release. 
06-13 02:22:55.137  3954  3961 W System  : A resource failed to call release. 
06-13 02:22:55.137  3954  3961 W System  : A resource failed to call release. 
06-13 02:22:55.137  3954  3961 W System  : A resource failed to call release. 
06-13 02:22:55.137  3954  3961 W System  : A resource failed to call release. 
06-13 02:22:55.137  3954  3961 W System  : A resource failed to call release. 
06-13 02:22:55.137  3954  3961 W System  : A resource failed to call release. 
06-13 02:22:55.137  3954  3961 W System  : A resource failed to call release. 
06-13 02:22:55.137  3954  3961 W System  : A resource failed to call release. 
06-13 02:22:55.137  3954  3961 W System  : A resource failed to call release. 
06-13 02:22:55.137  3954  3961 W System  : A resource failed to call release. 
06-13 02:22:55.137  3954  3961 W System  : A resource failed to call release. 
06-13 02:22:55.138  3954  3961 W System  : A resource failed to call release. 
06-13 02:22:55.138  3954  3961 W System  : A resource failed to call release. 
06-13 02:22:55.138  3954  3961 W System  : A resource failed to call release. 
06-13 02:22:55.138  3954  3961 W System  : A resource failed to call release. 
06-13 02:22:55.138  3954  3961 W System  : A resource failed to call release. 
06-13 02:22:55.138  3954  3961 W System  : A resource failed to call release. 
06-13 02:22:55.138  3954  3961 W System  : A resource failed to call release. 
06-13 02:22:55.138  3954  3961 W System  : A resource failed to call release. 
06-13 02:22:55.138  3954  3961 W System  : A resource failed to call release. 
06-13 02:22:55.138  3954  3961 W System  : A resource failed to call release. 
06-13 02:22:55.138  3954  3961 W System  : A resource failed to call release. 
06-13 02:22:55.138  3954  3961 W System  : A resource failed to call release. 
06-13 02:22:55.138  3954  3961 W System  : A resource failed to call release. 
06-13 02:22:55.138  3954  3961 W System  : A resource failed to call release. 
06-13 02:22:55.138  3954  3961 W System  : A resource failed to call release. 
06-13 02:22:55.138  3954  3961 W System  : A resource failed to call release. 
06-13 02:22:55.138  3954  3961 W System  : A resource failed to call release. 
06-13 02:22:55.138  3954  3961 W System  : A resource failed to call release. 
06-13 02:22:55.138  3954  3961 W System  : A resource failed to call release. 
06-13 02:22:55.138  3954  3961 W System  : A resource failed to call release. 
06-13 02:22:55.138  3954  3961 W System  : A resource failed to call release. 
06-13 02:22:55.138  3954  3961 W System  : A resource failed to call release. 
06-13 02:22:55.138  3954  3961 W System  : A resource failed to call release. 
06-13 02:22:55.138  3954  3961 W System  : A resource failed to call release. 
06-13 02:22:55.138  3954  3961 W System  : A resource failed to call release. 
06-13 02:22:55.138  3954  3961 W System  : A resource failed to call release. 
06-13 02:22:55.138  3954  3961 W System  : A resource failed to call release. 
06-13 02:22:55.138  3954  3961 W System  : A resource failed to call release. 
06-13 02:22:55.138  3954  3961 W System  : A resource failed to call release. 
06-13 02:22:55.138  3954  3961 W System  : A resource failed to call release. 
06-13 02:22:55.138  3954  3961 W System  : A resource failed to call release. 
06-13 02:22:55.138  3954  3961 W System  : A resource failed to call release. 
06-13 02:22:55.138  3954  3961 W System  : A resource failed to call release. 
06-13 02:22:55.138  3954  3961 W System  : A resource failed to call release. 
06-13 02:22:55.138  3954  3961 W System  : A resource failed to call release. 
06-13 02:22:55.138  3954  3961 W System  : A resource failed to call release. 
06-13 02:22:55.138  3954  3961 W System  : A resource failed to call release. 
06-13 02:22:55.138  3954  3961 W System  : A resource failed to call release. 
06-13 02:22:55.146  4354  4354 D AIWidgetView_RemoteSurface: isSurfaceViewShowing: true.
06-13 02:22:55.146  4354  4354 D AIWidgetView_RemoteSurface: isSurfaceViewShowing: true.
06-13 02:22:55.163  4354  4354 D AIWidgetView_RemoteSurface: isSurfaceViewShowing: true.
06-13 02:22:55.164  4354  4354 D AIWidgetView_RemoteSurface: isSurfaceViewShowing: true.
06-13 02:22:55.166  2467  4527 D StNfcHal: (#06B85) Rx 6f 02 27 (hidden)
06-13 02:22:55.166  2467  4526 D StNfcHal: HalStopTimer 
06-13 02:22:55.167  3162  3592 D ActivityManager: freezing 25602 com.android.settings
06-13 02:22:55.170  3162  3592 D ActivityManager: freezing 26109 com.nothing.logkit
06-13 02:22:55.171  3162  3592 D ActivityManager: freezing 26392 com.nothing.ntessentialrecorder
06-13 02:22:55.172  3162  3592 D ActivityManager: freezing 25732 com.android.keychain
06-13 02:22:55.180  4354  4354 D AIWidgetView_RemoteSurface: isSurfaceViewShowing: true.
06-13 02:22:55.180  4354  4354 D AIWidgetView_RemoteSurface: isSurfaceViewShowing: true.
06-13 02:22:55.196  4354  4354 D AIWidgetView_RemoteSurface: isSurfaceViewShowing: true.
06-13 02:22:55.196  4354  4354 D AIWidgetView_RemoteSurface: isSurfaceViewShowing: true.
06-13 02:22:55.213  4354  4354 D AIWidgetView_RemoteSurface: isSurfaceViewShowing: true.
06-13 02:22:55.213  4354  4354 D AIWidgetView_RemoteSurface: isSurfaceViewShowing: true.
06-13 02:22:55.230  4354  4354 D AIWidgetView_RemoteSurface: isSurfaceViewShowing: true.
06-13 02:22:55.230  4354  4354 D AIWidgetView_RemoteSurface: isSurfaceViewShowing: true.
06-13 02:22:55.246  4354  4354 D AIWidgetView_RemoteSurface: isSurfaceViewShowing: true.
06-13 02:22:55.247  4354  4354 D AIWidgetView_RemoteSurface: isSurfaceViewShowing: true.
06-13 02:22:55.264  4354  4354 D AIWidgetView_RemoteSurface: isSurfaceViewShowing: true.
06-13 02:22:55.264  4354  4354 D AIWidgetView_RemoteSurface: isSurfaceViewShowing: true.
06-13 02:22:55.280  4354  4354 D AIWidgetView_RemoteSurface: isSurfaceViewShowing: true.
06-13 02:22:55.280  3162  3564 D Dragonite: release 96
06-13 02:22:55.280  4354  4354 D AIWidgetView_RemoteSurface: isSurfaceViewShowing: true.
06-13 02:22:55.282  4354  4481 I NT-TransitionSmoothHelper: clear
06-13 02:22:55.284  4354  4481 I NT-WPOffsetInterpolator: setWallpaperOffsets mCurrentOffset = 0.0
06-13 02:22:55.284  3954  4047 D PopUpViewTransitionObserver: onTransitionFinished: transition=android.os.BinderProxy@c4d6b88, taskInfo=[TaskInfo{userId=0 taskId=21099 effectiveUid=10438 displayId=0 isRunning=false baseIntent=Intent { act=android.intent.action.MAIN cat=[android.intent.category.LAUNCHER] flg=0x10200000 cmp=com.anonymous.MyNewAppClean/.MainActivity } baseActivity=null topActivity=null origActivity=null realActivity=ComponentInfo{com.anonymous.MyNewAppClean/com.anonymous.MyNewAppClean.MainActivity} numActivities=0 lastActiveTime=242851400 supportsMultiWindow=true resizeMode=1 isResizeable=true minWidth=-1 minHeight=-1 defaultMinSize=220 token=WCT{android.window.IWindowContainerToken$Stub$Proxy@f36f51b} topActivityType=1 pictureInPictureParams=null shouldDockBigOverlays=false launchIntoPipHostTaskId=-1 lastParentTaskIdBeforePip=-1 displayCutoutSafeInsets=Rect(0, 126 - 0, 0) topActivityInfo=null launchCookies=[] positionInParent=Point(0, 0) parentTaskId=-1 isFocused=false isVisible=true isVisibleRequested=false isTopActivityNoDisplay=false isSleeping=false locusId=null displayAreaFeatureId=1 isTopActivityTransparent=false isActivityStackTransparent=true lastNonFullscreenBounds=Rect(276, 687 - 805, 1767) capturedLink=null capturedLinkTimestamp=0 requestedVisibleTypes=-9 topActivityRequestOpenInBrowserEducationTimestamp=0 appCompatTaskInfo=AppCompatTaskInfo { topActivityInSizeCompat=false eligibleForLetterboxEducation= false isLetterboxEducationEnabled= false isLetterboxDoubleTapEnabled= false eligibleForUserAspectRatioButton= false topActivityBoundsLetterboxed= false isFromLetterboxDoubleTap= false topActivityLetterboxVerticalPosition= -1 topActivityLetterboxHorizontalPosition= -1 topActivityLetterboxWidth=-1 topActivityLetterboxHeight=-1 topActivityAppBounds=Rect(0, 0 - 0, 0) isUserFullscreenOverrideEnabled=false isSystemFullscreenOverrideEnabled=false hasMinAspectRatioOverride=false topActivityLetterboxBounds=null cameraCompatTaskInfo=CameraCompatTaskInfo { freeformCameraCompatMode=undefined}} topActivityMainWindowFrame=null}]
06-13 02:22:55.284  3954  4047 D CaptionWindowDecorViewModel: Destroying window decoration for task 21099, decoration=null, callers=com.android.wm.shell.popupview.PopUpViewTransitionObserver.onTransitionFinished:184 com.android.wm.shell.transition.Transitions.onFinish:1220 com.android.wm.shell.transition.Transitions.lambda$playTransition$3:1092 com.android.wm.shell.transition.Transitions.$r8$lambda$96XCaSAhJXxB3nlVJy1TNPeH46k:0 com.android.wm.shell.transition.Transitions$$ExternalSyntheticLambda5.onTransitionFinished:0 
06-13 02:22:55.284  3954  4047 V WindowManagerShell: Transition animation finished (aborted=false), notifying core (#2918) android.os.BinderProxy@c4d6b88@0
06-13 02:22:55.287  3162  3216 V WindowManager: Finish Transition (#2918): created at 06-13 02:22:54.869 collect-started=0.04ms request-sent=0.097ms started=4.897ms ready=41.616ms sent=50.802ms commit=27.714ms finished=418.088ms
06-13 02:22:55.291  3954  4047 V WindowManagerShell: Track 0 became idle
06-13 02:22:55.291  3954  4047 V WindowManagerShell: All active transition animations finished
06-13 02:22:55.291  4354  4354 D RecentsView: onTaskRemoved: 21099, not handling task stack changes
06-13 02:22:55.291  4354  4354 D RecentsView: onTaskRemoved: 21099, not handling task stack changes
06-13 02:22:55.299  3954  4047 D CaptionWindowDecorViewModel: Destroying window decoration for task 21099, decoration=null, callers=com.android.wm.shell.windowdecor.CaptionWindowDecorViewModel.onTaskVanished:234 com.android.wm.shell.fullscreen.FullscreenTaskListener.lambda$onTaskVanished$2:173 com.android.wm.shell.fullscreen.FullscreenTaskListener$$ExternalSyntheticLambda1.accept:0 java.util.Optional.ifPresent:178 com.android.wm.shell.fullscreen.FullscreenTaskListener.onTaskVanished:173 
06-13 02:22:55.370  3162  3219 W ActivityTaskManager: Activity top resumed state loss timeout for ActivityRecord{199006634 u0 com.anonymous.MyNewAppClean/.MainActivity t-1 f}}
06-13 02:22:55.497  4354  4354 I AIWidgetAIWidgetController: setWidgetsTouchable last=false, new=true, reason=NTDragLayer FloatingView isAdd=false, force=false
06-13 02:22:55.498  4354  4354 I NT-AIWidgetAIWidgetController: updateWidgetSurfaceZ com.nothing.aiwidget.features.widget.ui.plugin.RemoteSurfaceView{8f568e3 V.E...... ......ID 21,21-779,379 #7f0a0059 app:id/ai_widget_container} z=2
06-13 02:22:55.499  4354  4354 I NT-AIWidgetAIWidgetController: updateWidgetSurfaceZ com.nothing.aiwidget.features.widget.ui.plugin.RemoteSurfaceView{90502e0 V.E...... ......ID 21,21-379,379 #7f0a0059 app:id/ai_widget_container} z=2
06-13 02:22:55.619  2165  2247 I SDM     : DisplayBase::CommitThread: Received idle timeout, panel: video, timeout: 69999 us
06-13 02:22:55.779  2467  4527 D StNfcHal: (#06B86) Rx 6f 02 0f (hidden)
06-13 02:22:55.779  2467  4526 D StNfcHal: HalStopTimer 
06-13 02:22:55.625  2592  2592 E [binder][0x43da67bdf95][00:22:55.894855] qca6750: [2592:E:DP] dp_request_rx_hw_stats: Stats already requested
06-13 02:22:55.625  2592  2592 E [binder][0x43da67be1e5][00:22:55.894886] qca6750: [2592:E:HDD] __wlan_hdd_cfg80211_stats_ext_request: Failed to get hw stats: 6
06-13 02:22:55.905  2647  2647 I cnss-daemon: nl80211 response handler invoked
06-13 02:22:55.905  2647  2647 I cnss-daemon: nl80211_response_handler: cmd 103, vendorID 4980, subcmd 13  received
06-13 02:22:55.905  2082  3840 I WifiHAL : event received NL80211_CMD_VENDOR, vendor_id = 0x1374, subcmd = 0xd
06-13 02:22:56.004  2467  4527 D StNfcHal: (#06B87) Rx 6f 02 27 (hidden)
06-13 02:22:56.004  2467  4526 D StNfcHal: HalStopTimer 
06-13 02:22:56.308  2467  4527 D StNfcHal: (#06B88) Rx 6f 02 0f (hidden)
06-13 02:22:56.308  2467  4526 D StNfcHal: HalStopTimer 
06-13 02:22:56.562  2467  4527 D StNfcHal: (#06B89) Rx 6f 02 27 (hidden)
06-13 02:22:56.562  2467  4526 D StNfcHal: HalStopTimer 
06-13 02:22:56.308  2050  2050 E healthd : soc_b:31, soc:49, soc_c:49, Vol:3985, Cur:1598,chg_s:1,t_l:90,b_s:2,OffTlast:0,lcd_off:0,Vu:4357,Vw:0,pid:2050,brightness:8.405373,rmCap:2292
06-13 02:22:56.308  2050  2050 E healthd : battery l=49 v=3985 t=33.0 h=2 st=2 c=1598550 fc=4726000 cc=228 chg=a
06-13 02:22:56.584  4219  4219 D QtiCarrierConfigHelper: WARNING, no carrier configs on phone Id: 1
06-13 02:22:56.585  4174  4174 D DeviceStatisticsService: onReceive: action= android.intent.action.BATTERY_CHANGED
06-13 02:22:56.587  3935  3935 D BatteryHealthController: plugType=1
06-13 02:22:56.588  2118  2118 E NtChgAidl: NtChgAidl: setChargeFccIn user:2,val = 9000
06-13 02:22:56.588  3935  5069 D BatteryHealthController: invoke mICharge setChargeFccInt: 9000
06-13 02:22:56.588  3954  6152 D PowerUI : can't show warning due to - plugged: true status unknown: false
06-13 02:22:56.319  2118  2118 W nt_vote : FCC_MAIN: FCC_BATTERY_HEALTH_VOTER,1 same vote on of val=9000
06-13 02:22:56.319  2118  2118 W nt_vote : FCC_MAIN: FCC_BATTERY_HEALTH_VOTER,1 Ignoring similar vote on of val=9000
06-13 02:22:56.589  3162  3225 D ActivityManager: sync unfroze 25602 com.android.settings for 3
06-13 02:22:56.589  3162  3162 V UiModeManager: updateLocked: null action, mDockState=0, category=null
06-13 02:22:56.321  2050  2050 E healthd : soc_b:31, soc:49, soc_c:49, Vol:3985, Cur:1598,chg_s:1,t_l:0,b_s:2,OffTlast:0,lcd_off:0,Vu:4360,Vw:0,pid:2050,brightness:8.405373,rmCap:2292
06-13 02:22:56.591  2118  2118 E NtChgAidl: NtChgAidl: mBattTempRegion _aidl_return:0
06-13 02:22:56.591  3162  3162 E UiModeManager: mComputedNightMode:true, mNightMode.get():2, mOverrideNightModeOn:false, mOverrideNightModeOff:falsemTwilightManager.getLastTwilightState():null
06-13 02:22:56.591  3162  3162 D UiModeManager: updateConfigurationLocked: mDockState=0; mCarMode=false; mNightMode=com.android.server.UiModeManagerService$1@4dc2802; mNightModeCustomType=-1; uiMode=33
06-13 02:22:56.591  3162  3162 D NtThemeManager: setExtraDark, currentUser:0, enableOverlay:false, mCurrentExtraDarkMode:false
06-13 02:22:56.592  3162  3225 D ActivityManager: sync unfroze 28404 com.google.android.apps.turbo for 3
06-13 02:22:56.592  4174  4174 V DeviceStatisticsService: chargerType=1 batteryLevel=49 totalBatteryCapacity=4678700
06-13 02:22:56.592  4174  4174 D DeviceInfoAidlClient: isRadioOn()=true
06-13 02:22:56.592  4174  4174 I DeviceInfoAidlClient: isPowerInfoNeverSent=false batteryLevel=49 batteryLevelIndex=5 chargingMode=1 totalCapacity=4678700 powerSaveMode=false
06-13 02:22:56.593  3954  4083 D ChargeStateMonitor: syncNtChgData() adaptorPowerRate = 0 phoneMaxPowerRate = 50
06-13 02:22:56.321  2050  2050 W HealthLoop: debug.tracing.screen_brightness:8.405373
06-13 02:22:56.594  3162  3225 D ActivityManager: sync unfroze 28422 com.android.settings for 3
06-13 02:22:56.595  3162  3225 I ActivityManager: PendingStartActivityUids startActivity to updateOomAdj delay:1224ms, uid:10214
06-13 02:22:56.595  3954  3954 D BatteryController: onBatteryStateChange
06-13 02:22:56.596 28422 28422 D BatteryUsageBroadcastReceiver: onReceive:android.intent.action.BATTERY_LEVEL_CHANGED
06-13 02:22:56.596 28422 28422 I NT-Settings: BatteryUsageBroadcastReceiver -> do nothing for dual app user action=android.intent.action.BATTERY_LEVEL_CHANGED
06-13 02:22:56.596 25602 25602 D BatteryUsageBroadcastReceiver: onReceive:android.intent.action.BATTERY_LEVEL_CHANGED
06-13 02:22:56.596 14028 14450 I elpq    : (REDACTED) HDM. appOpsListener %s %s
06-13 02:22:56.597 14028 14450 I elpq    : (REDACTED) HDM. Ignoring irrelevant audio permission changes for package %s
06-13 02:22:56.597 14028 14450 I elpq    : (REDACTED) HDM. appOpsListener %s %s
06-13 02:22:56.597 14028 14450 I elpq    : (REDACTED) HDM. Ignoring irrelevant audio permission changes for package %s
06-13 02:22:56.597 14028 14450 I elpq    : (REDACTED) HDM. appOpsListener %s %s
06-13 02:22:56.598 14028 14450 I elpq    : (REDACTED) HDM. Ignoring irrelevant audio permission changes for package %s
06-13 02:22:56.598 14028 14450 I elpq    : (REDACTED) HDM. appOpsListener %s %s
06-13 02:22:56.598 14028 14450 I elpq    : (REDACTED) HDM. Ignoring irrelevant audio permission changes for package %s
06-13 02:22:56.598 14028 14040 I elpq    : (REDACTED) HDM. appOpsListener %s %s
06-13 02:22:56.598 14028 14040 I elpq    : (REDACTED) HDM. Ignoring irrelevant audio permission changes for package %s
06-13 02:22:56.599 25602 25602 D BatteryUsageBroadcastReceiver: fetch data because of event: ACTION_BATTERY_LEVEL_CHANGED
06-13 02:22:56.621  2108  2108 W android.hardware.power.stats-service: Skipping malformed line: 
06-13 02:22:56.684  2165  2247 I SDM     : DisplayBase::CommitThread: Received idle timeout, panel: video, timeout: 70000 us
06-13 02:22:56.740  2176  2267 E ANDR-PERF-UTIL: ANDR-PERF-UTIL: change_node_val() 319: Failed to update node /proc/sys/walt/sched_per_task_boost with value 30255 0
06-13 02:22:56.740  2176  2267 E ANDR-PERF-OPTSHANDLER: ANDR-PERF-OPTSHANDLER: sched_reset_task_boost() 3468: can't reset task 30255
06-13 02:22:56.740  2176  2267 E ANDR-PERF-RESOURCEQS: ANDR-PERF-RESOURCEQS: RemoveAndApply() 380: Failed to reset optimization [3, 32]
06-13 02:22:56.808  2645 31846 D BufferPoolAccessor2.0: bufferpool2 0xb400007b067dbd08 : 5(20548 size) total buffers - 2(9216 size) used buffers - 435689/435761 (recycle/alloc) - 1216/435760 (fetch/transfer)
06-13 02:22:56.560     0     0 W [    C0] [rt_task_fixup][725]: RT task was runnable for more than 200000 ns on CPU 0, moved it to CPU 3 (SensorService-3576)
06-13 02:22:56.868  2467  4527 D StNfcHal: (#06B8A) Rx 6f 02 0f (hidden)
06-13 02:22:56.869  2467  4526 D StNfcHal: HalStopTimer 
06-13 02:22:57.122  2467  4527 D StNfcHal: (#06B8B) Rx 6f 02 27 (hidden)
06-13 02:22:57.123  2467  4526 D StNfcHal: HalStopTimer 
06-13 02:22:57.429  2467  4527 D StNfcHal: (#06B8C) Rx 6f 02 0f (hidden)
06-13 02:22:57.429  2467  4526 D StNfcHal: HalStopTimer 
06-13 02:22:57.591  3162  3572 I NtCharge: mLastBatteryCycleCount:228
06-13 02:22:57.598  3162  3572 D NtCharge:  currentTimeInDay: 20617 LastTimeInDay: -2 diff: 20619
06-13 02:22:57.602 14028 14040 I elpq    : (REDACTED) HDM. appOpsListener %s %s
06-13 02:22:57.602 14028 14040 I elpq    : (REDACTED) HDM. Ignoring irrelevant audio permission changes for package %s
06-13 02:22:57.602 14028 14040 I elpq    : (REDACTED) HDM. appOpsListener %s %s
06-13 02:22:57.603 14028 14040 I elpq    : (REDACTED) HDM. Ignoring irrelevant audio permission changes for package %s
06-13 02:22:57.603 14028 14040 I elpq    : (REDACTED) HDM. appOpsListener %s %s
06-13 02:22:57.603 14028 14040 I elpq    : (REDACTED) HDM. Ignoring irrelevant audio permission changes for package %s
06-13 02:22:57.603 14028 14040 I elpq    : (REDACTED) HDM. appOpsListener %s %s
06-13 02:22:57.603 14028 14040 I elpq    : (REDACTED) HDM. Ignoring irrelevant audio permission changes for package %s
06-13 02:22:57.604 14028 14040 I elpq    : (REDACTED) HDM. appOpsListener %s %s
06-13 02:22:57.604 14028 14040 I elpq    : (REDACTED) HDM. Ignoring irrelevant audio permission changes for package %s
06-13 02:22:57.683  2467  4527 D StNfcHal: (#06B8D) Rx 6f 02 27 (hidden)
06-13 02:22:57.684  2467  4526 D StNfcHal: HalStopTimer 
06-13 02:22:57.799  2110  2110 W pmCoreThread: type=1400 audit(0.0:338776015): avc:  denied  { write } for  name="qlm_service" dev="tmpfs" ino=1644 scontext=u:r:vendor_hal_poweroptservice_qti:s0 tcontext=u:object_r:vendor_qlm_socket:s0 tclass=sock_file permissive=0
06-13 02:22:57.804  2110  7225 E QLM-Client-Lib: QLM-Lib-Client:do_common_listen:connect failure, err:13, path:/dev/socket/qlm_service
06-13 02:22:57.630  2592  2592 E [binder][0x43da8c7591f][00:22:57.900103] qca6750: [2592:E:DP] dp_request_rx_hw_stats: Stats already requested
06-13 02:22:57.630  2592  2592 E [binder][0x43da8c75e97][00:22:57.900175] qca6750: [2592:E:HDD] __wlan_hdd_cfg80211_stats_ext_request: Failed to get hw stats: 6
06-13 02:22:57.631 13516 13516 I [kworke][0x43da8c792e9][00:22:57.900873] qca6750: [13516:I:PMO] pmo_core_psoc_send_host_wakeup_ind_to_fw: Host wakeup indication sent to fw
06-13 02:22:57.939  2082  3840 I WifiHAL : event received NL80211_CMD_VENDOR, vendor_id = 0x1374, subcmd = 0xd
06-13 02:22:57.939  2647  2647 I cnss-daemon: nl80211 response handler invoked
06-13 02:22:57.939  2647  2647 I cnss-daemon: nl80211_response_handler: cmd 103, vendorID 4980, subcmd 13  received
06-13 02:22:57.687  2082  2082 I [binder][0x43da8d7cea1][00:22:57.956283] qca6750: [2082:I:HDD] __wlan_hdd_cfg80211_get_logger_supp_feature: Ring buffer disable
06-13 02:22:57.958  3162  3698 I HalDevMgr: bestIfaceCreationProposal is null, requestIface=STA, existingIface=[name=wlan0 type=STA]
06-13 02:22:57.960  3162  5528 D NtSmartWifiMonitor: get rssi = -40, frequecy=5280, datastall=0, current state=6
06-13 02:22:57.960  3162  5528 D NtSmartWifiMonitor: 5G Wifi rssi queue: sufficient rssi=-70[-40]
06-13 02:22:57.990  2467  4527 D StNfcHal: (#06B8E) Rx 6f 02 0f (hidden)
06-13 02:22:57.990  2467  4526 D StNfcHal: HalStopTimer 
06-13 02:22:58.186  3162  6531 E TaskPersister: File error accessing recents directory (directory doesn't exist?).
06-13 02:22:58.187  3162  6531 E TaskPersister: File error accessing recents directory (directory doesn't exist?).
06-13 02:22:58.243  2467  4527 D StNfcHal: (#06B8F) Rx 6f 02 27 (hidden)
06-13 02:22:58.244  2467  4526 D StNfcHal: HalStopTimer 
06-13 02:22:58.550  2467  4527 D StNfcHal: (#06B90) Rx 6f 02 0f (hidden)
06-13 02:22:58.550  2467  4526 D StNfcHal: HalStopTimer 
06-13 02:22:58.804  2467  4527 D StNfcHal: (#06B91) Rx 6f 02 27 (hidden)
06-13 02:22:58.804  2467  4526 D StNfcHal: HalStopTimer 
06-13 02:22:59.180  3954  4064 D MobileConnectionRepositoryEx: [1] handleMessage: EVENT_SIGNAL_SMOOTH
06-13 02:22:59.181  3954  4064 D MobileConnectionRepositoryEx: [1] current smooth level: 4
06-13 02:22:59.181  3954  4064 D MobileConnectionRepositoryEx: [1] smooth level == last level, stop smooth
06-13 02:22:59.181  3954  4064 D MobileConnectionRepositoryEx: [1] getSmoothLevel: 3 mSmoothLevel -1
06-13 02:22:59.183  3954  4081 I MobileIconInteractor:  isGsm true primaryLevel 3  alwaysUseCdmaLevel false cdmaLevel 0 isLteCamped true lteRsrpLevel 4
06-13 02:22:59.307  2165  2247 I SDM     : DisplayBase::CommitThread: Received idle timeout, panel: video, timeout: 70000 us
06-13 02:22:59.073     0     0 W [    C0] [rt_task_fixup][725]: RT task was runnable for more than 200000 ns on CPU 0, moved it to CPU 3 (kgsl-events-903)
06-13 02:22:59.420  2467  4527 D StNfcHal: (#06B92) Rx 6f 02 0f (hidden)
06-13 02:22:59.421  2467  4526 D StNfcHal: HalStopTimer 
06-13 02:22:59.639  2467  4527 D StNfcHal: (#06B93) Rx 6f 02 27 (hidden)
06-13 02:22:59.640  2467  4526 D StNfcHal: HalStopTimer 
06-13 02:22:59.737 32708 29369 I NearbyMediums: No BLE Fast/GATT advertisements found in the latest cycle.
06-13 02:22:59.737 32708 29369 I NearbyMediums: Current Tracked Scanning Clients are : {NearbyConnections.EnvironmentMonitor, NearbySharing, NearbyConnections.TxAdvertisement}
06-13 02:22:59.543 13516 13516 I [kworke][0x43daaf79fbd][00:22:59.812511] qca6750: [13516:I:PMO] pmo_core_psoc_send_host_wakeup_ind_to_fw: Host wakeup indication sent to fw
06-13 02:22:59.635  2592  2592 E [binder][0x43dab12916c][00:22:59.904480] qca6750: [2592:E:DP] dp_request_rx_hw_stats: Stats already requested
06-13 02:22:59.635  2592  2592 E [binder][0x43dab129679][00:22:59.904547] qca6750: [2592:E:HDD] __wlan_hdd_cfg80211_stats_ext_request: Failed to get hw stats: 6
06-13 02:22:59.918  2082  3840 I WifiHAL : event received NL80211_CMD_VENDOR, vendor_id = 0x1374, subcmd = 0xd
06-13 02:22:59.919  2647  2647 I cnss-daemon: nl80211 response handler invoked
06-13 02:22:59.919  2647  2647 I cnss-daemon: nl80211_response_handler: cmd 103, vendorID 4980, subcmd 13  received
06-13 02:22:59.941  3935  7047 D ThermalMitigationStrategy: reEvaluate:  mPendingScenesInfo: scenes: [charger] app: com.nothing.launcher appCat: -1 level: 5 temp: 36 uid: 10214 pid: 4354 mScenesInfo: scenes: [charger] app: com.nothing.launcher appCat: -1 level: 5 temp: 36 uid: 10214 pid: 4354 sceneChange: false appChange: false levelChange: false
06-13 02:22:59.942  3935  7047 D ThermalMitigationStrategy: notifyBufferRateLocked: com.nothing.launcher 4354 10214 -1 com.nothing.launcher|charger -1
06-13 02:22:59.945  2467  4527 D StNfcHal: (#06B94) Rx 6f 02 0f (hidden)
06-13 02:22:59.946  2467  4526 D StNfcHal: HalStopTimer 
06-13 02:23:00.030  3954  3954 D OLDQuickLookClockView: refreshInfo hasCalendar:false hasWeather:true
06-13 02:23:00.037  3954  3954 D OLDQuickLookClockView: refreshInfo hasCalendar:false hasWeather:false
06-13 02:23:00.138  3954  3954 D OLDQuickLookClockView:  getFormattedDateLocked:fr_FR
06-13 02:23:00.139  3954  3954 D OLDQuickLookClockView: updateDateInfo: Sam. 13 juin
06-13 02:23:00.139  3954  3954 D OLDQuickLookClockView: refreshInfo hasCalendar:false hasWeather:true
06-13 02:23:00.141 31577 31840 D BufferPoolAccessor2.0: bufferpool2 0xb4000079929218e8 : 5(40960 size) total buffers - 1(8192 size) used buffers - 436185/436200 (recycle/alloc) - 497/871668 (fetch/transfer)
06-13 02:23:00.142  3954  3954 D OLDQuickLookClockView:  getFormattedDateLocked:fr_FR
06-13 02:23:00.143  3954  3954 D OLDQuickLookClockView: updateDateInfo: Sam. 13 juin
06-13 02:23:00.143  3954  3954 D OLDQuickLookClockView: refreshInfo hasCalendar:false hasWeather:false
06-13 02:23:00.156  2165  2247 I SDM     : DisplayBase::CommitThread: Received idle timeout, panel: video, timeout: 69999 us
06-13 02:23:00.200  2467  4527 D StNfcHal: (#06B95) Rx 6f 02 27 (hidden)
06-13 02:23:00.200  2467  4526 D StNfcHal: HalStopTimer 
06-13 02:23:00.506  2467  4527 D StNfcHal: (#06B96) Rx 6f 02 0f (hidden)
06-13 02:23:00.507  2467  4526 D StNfcHal: HalStopTimer 
06-13 02:23:00.395 29403 29403 E BATTERY_CHG: nt_update_status_function_work: capacity:49,Vbat:3987579
06-13 02:23:00.415  2050  2050 E healthd : soc_b:31, soc:49, soc_c:49, Vol:3987, Cur:1661,chg_s:1,t_l:5,b_s:2,OffTlast:0,lcd_off:0,Vu:4359,Vw:0,pid:2050,brightness:8.405373,rmCap:2292
06-13 02:23:00.415  2050  2050 E healthd : battery l=49 v=3987 t=33.0 h=2 st=2 c=1661723 fc=4726000 cc=228 chg=a
06-13 02:23:00.685  2118  2118 E NtChgAidl: NtChgAidl: mBattTempRegion _aidl_return:0
06-13 02:23:00.696  2118  2118 E NtChgAidl: NtChgAidl: mBattTempRegion _aidl_return:0
06-13 02:23:00.426  2050  2050 E healthd : soc_b:31, soc:49, soc_c:49, Vol:3987, Cur:1661,chg_s:1,t_l:5,b_s:2,OffTlast:0,lcd_off:0,Vu:4361,Vw:0,pid:2050,brightness:8.405373,rmCap:2292
06-13 02:23:00.427  2050  2050 W HealthLoop: debug.tracing.screen_brightness:8.405373
06-13 02:23:00.760  2467  4527 D StNfcHal: (#06B97) Rx 6f 02 27 (hidden)
06-13 02:23:00.761  2467  4526 D StNfcHal: HalStopTimer 
06-13 02:23:00.715  2082  2082 I [binder][0x43dac4ee965][00:23:00.984266] qca6750: [2082:I:HDD] __wlan_hdd_cfg80211_get_logger_supp_feature: Ring buffer disable
06-13 02:23:00.987  3162  3698 I HalDevMgr: bestIfaceCreationProposal is null, requestIface=STA, existingIface=[name=wlan0 type=STA]
06-13 02:23:00.989  3162  5528 D NtSmartWifiMonitor: get rssi = -40, frequecy=5280, datastall=0, current state=6
06-13 02:23:00.989  3162  5528 D NtSmartWifiMonitor: 5G Wifi rssi queue: sufficient rssi=-70[-40, -40]
06-13 02:23:01.374  2467  4527 D StNfcHal: (#06B98) Rx 6f 02 0f (hidden)
06-13 02:23:01.375  2467  4526 D StNfcHal: HalStopTimer 
06-13 02:23:01.596  2467  4527 D StNfcHal: (#06B99) Rx 6f 02 27 (hidden)
06-13 02:23:01.596  2467  4526 D StNfcHal: HalStopTimer 
06-13 02:23:01.903  2467  4527 D StNfcHal: (#06B9A) Rx 6f 02 0f (hidden)
06-13 02:23:01.903  2467  4526 D StNfcHal: HalStopTimer 
06-13 02:23:01.638  2592  2592 E [binder][0x43dad5d86c5][00:23:01.907964] qca6750: [2592:E:DP] dp_request_rx_hw_stats: Stats already requested
06-13 02:23:01.638  2592  2592 E [binder][0x43dad5d8c29][00:23:01.908036] qca6750: [2592:E:HDD] __wlan_hdd_cfg80211_stats_ext_request: Failed to get hw stats: 6
06-13 02:23:01.910  2545  2545 I CNSS    : /sys/wifi/dump_in_progress doesn't exist
06-13 02:23:01.910  2545  2545 I CNSS    : /sys/wifi/max_chipset_log_size doesn't exist
06-13 02:23:01.639 13516 13516 I [kworke][0x43dad5db0e9][00:23:01.908526] qca6750: [13516:I:PMO] pmo_core_psoc_send_host_wakeup_ind_to_fw: Host wakeup indication sent to fw
06-13 02:23:01.931  2647  2647 I cnss-daemon: nl80211 response handler invoked
06-13 02:23:01.931  2647  2647 I cnss-daemon: nl80211_response_handler: cmd 103, vendorID 4980, subcmd 13  received
06-13 02:23:01.931  2082  3840 I WifiHAL : event received NL80211_CMD_VENDOR, vendor_id = 0x1374, subcmd = 0xd
06-13 02:23:02.039  2645 31846 D BufferPoolAccessor2.0: bufferpool2 0xb400007b067dbd08 : 5(20548 size) total buffers - 1(4608 size) used buffers - 435887/435959 (recycle/alloc) - 1216/435958 (fetch/transfer)
06-13 02:23:02.156  2467  4527 D StNfcHal: (#06B9B) Rx 6f 02 27 (hidden)
06-13 02:23:02.157  2467  4526 D StNfcHal: HalStopTimer 
06-13 02:23:02.226  3954  4064 I QAWController: Re-creating the QAW client to avoid stale.
06-13 02:23:02.256  2177  2177 I vendor.qti.hardware.servicetrackeraidl-service: bindService is called for service : com.google.android.gms/.tapandpay.globalactions.WalletQuickAccessWalletService and for client com.android.systemui
06-13 02:23:02.256  2177  2177 I vendor.qti.hardware.servicetrackeraidl-service: total connections for service : com.google.android.gms/.tapandpay.globalactions.WalletQuickAccessWalletServiceare :1
06-13 02:23:02.256  2177  2177 I vendor.qti.hardware.servicetrackeraidl-service: total connections for client : com.android.systemuiare :6
06-13 02:23:02.256  3162  3786 D BackgroundInstallControlService: Package event received: 0
06-13 02:23:02.265  2177  2177 I vendor.qti.hardware.servicetrackeraidl-service: bindService is called for service : com.google.android.gms/.chimera.GmsApiService and for client com.google.android.gms.persistent
06-13 02:23:02.265  2177  2177 I vendor.qti.hardware.servicetrackeraidl-service: total connections for service : com.google.android.gms/.chimera.GmsApiServiceare :4
06-13 02:23:02.265  2177  2177 I vendor.qti.hardware.servicetrackeraidl-service: total connections for client : com.google.android.gms.persistentare :5
06-13 02:23:02.266  2118  2118 E NtChgAidl: NtChgAidl: mBattTempRegion _aidl_return:0
06-13 02:23:01.996  2050  2050 E healthd : soc_b:31, soc:49, soc_c:49, Vol:3987, Cur:1642,chg_s:1,t_l:6,b_s:2,OffTlast:0,lcd_off:0,Vu:4360,Vw:0,pid:2050,brightness:8.405373,rmCap:2292
06-13 02:23:01.996  2050  2050 E healthd : battery l=49 v=3987 t=33.0 h=2 st=2 c=1642496 fc=4726000 cc=228 chg=a
06-13 02:23:02.008  2050  2050 E healthd : soc_b:31, soc:49, soc_c:49, Vol:3987, Cur:1642,chg_s:1,t_l:6,b_s:2,OffTlast:0,lcd_off:0,Vu:4358,Vw:0,pid:2050,brightness:8.405373,rmCap:2292
06-13 02:23:02.278  2118  2118 E NtChgAidl: NtChgAidl: mBattTempRegion _aidl_return:0
06-13 02:23:02.008  2050  2050 W HealthLoop: debug.tracing.screen_brightness:8.405373
06-13 02:23:02.295 32708 29929 W HWUI    : Image decoding logging dropped!
06-13 02:23:02.295 32708 29369 W HWUI    : Image decoding logging dropped!
06-13 02:23:02.312  3954  4064 I QuickAccessWalletTile: Successfully retrieved wallet cards.
06-13 02:23:02.317  3954  4064 I QuickAccessWalletTile: Successfully retrieved wallet cards.
06-13 02:23:02.463  2467  4527 D StNfcHal: (#06B9C) Rx 6f 02 0f (hidden)
06-13 02:23:02.463  2467  4526 D StNfcHal: HalStopTimer 
06-13 02:23:02.718  2467  4527 D StNfcHal: (#06B9D) Rx 6f 02 27 (hidden)
06-13 02:23:02.718  2467  4526 D StNfcHal: HalStopTimer 
06-13 02:23:02.799  2110  2110 W pmCoreThread: type=1400 audit(0.0:338776016): avc:  denied  { write } for  name="qlm_service" dev="tmpfs" ino=1644 scontext=u:r:vendor_hal_poweroptservice_qti:s0 tcontext=u:object_r:vendor_qlm_socket:s0 tclass=sock_file permissive=0
06-13 02:23:02.805  2110  7225 E QLM-Client-Lib: QLM-Lib-Client:do_common_listen:connect failure, err:13, path:/dev/socket/qlm_service
06-13 02:23:03.024  2467  4527 D StNfcHal: (#06B9E) Rx 6f 02 0f (hidden)
06-13 02:23:03.025  2467  4526 D StNfcHal: HalStopTimer 
06-13 02:23:03.278  2467  4527 D StNfcHal: (#06B9F) Rx 6f 02 27 (hidden)
06-13 02:23:03.278  2467  4526 D StNfcHal: HalStopTimer 
06-13 02:23:03.584  2467  4527 D StNfcHal: (#06BA0) Rx 6f 02 0f (hidden)
06-13 02:23:03.584  2467  4526 D StNfcHal: HalStopTimer 
06-13 02:23:03.838  2467  4527 D StNfcHal: (#06BA1) Rx 6f 02 27 (hidden)
06-13 02:23:03.839  2467  4526 D StNfcHal: HalStopTimer 
06-13 02:23:03.641  2592  2592 E [binder][0x43dafa85edd][00:23:03.911059] qca6750: [2592:E:DP] dp_request_rx_hw_stats: Stats already requested
06-13 02:23:03.641  2592  2592 E [binder][0x43dafa863fe][00:23:03.911127] qca6750: [2592:E:HDD] __wlan_hdd_cfg80211_stats_ext_request: Failed to get hw stats: 6
06-13 02:23:03.642 13516 13516 I [kworke][0x43dafa88cce][00:23:03.911672] qca6750: [13516:I:PMO] pmo_core_psoc_send_host_wakeup_ind_to_fw: Host wakeup indication sent to fw
06-13 02:23:03.946  2082  3840 I WifiHAL : event received NL80211_CMD_VENDOR, vendor_id = 0x1374, subcmd = 0xd
06-13 02:23:03.946  2647  2647 I cnss-daemon: nl80211 response handler invoked
06-13 02:23:03.946  2647  2647 I cnss-daemon: nl80211_response_handler: cmd 103, vendorID 4980, subcmd 13  received
06-13 02:23:03.739  2082  2082 I [binder][0x43dafc4ebac][00:23:04.008510] qca6750: [2082:I:HDD] __wlan_hdd_cfg80211_get_logger_supp_feature: Ring buffer disable
06-13 02:23:04.011  3162  3698 I HalDevMgr: bestIfaceCreationProposal is null, requestIface=STA, existingIface=[name=wlan0 type=STA]
06-13 02:23:04.012  3162  5528 D NtSmartWifiMonitor: get rssi = -40, frequecy=5280, datastall=0, current state=6
06-13 02:23:04.013  3162  5528 D NtSmartWifiMonitor: 5G Wifi rssi queue: sufficient rssi=-70[-40, -40, -40]
06-13 02:23:04.013  3162  4990 D NtSmartWifi: handleMessage EVENT_LINK_QUALITY_CHANGED ...
06-13 02:23:04.013  3162  4990 D NtSmartWifi: enableSufficientCheckWhenScreenOn, true,  mSmartWifiEnabled=true, screenOn= true
06-13 02:23:04.145  2467  4527 D StNfcHal: (#06BA2) Rx 6f 02 0f (hidden)
06-13 02:23:04.145  2467  4526 D StNfcHal: HalStopTimer 
06-13 02:23:04.399  2467  4527 D StNfcHal: (#06BA3) Rx 6f 02 27 (hidden)
06-13 02:23:04.399  2467  4526 D StNfcHal: HalStopTimer 
06-13 02:23:04.705  2467  4527 D StNfcHal: (#06BA4) Rx 6f 02 0f (hidden)
06-13 02:23:04.706  2467  4526 D StNfcHal: HalStopTimer 
06-13 02:23:04.959  2467  4527 D StNfcHal: (#06BA5) Rx 6f 02 27 (hidden)
06-13 02:23:04.959  2467  4526 D StNfcHal: HalStopTimer 
06-13 02:23:04.975  3162  3162 W CachedAppOptimi: type=1400 audit(0.0:338776017): avc:  denied  { write } for  dev="tmpfs" ino=4097 scontext=u:r:system_server:s0 tcontext=u:object_r:zygote_tmpfs:s0 tclass=file permissive=0
06-13 02:23:05.150  2813  2813 I adbd    : adbd service requested 'shell,v2:export ANDROID_LOG_TAGS="''"; exec logcat '-d''
06-13 02:23:04.909   803   803 I logd    : logdr: UID=2000 GID=2000 PID=30307 n tail=0 logMask=99 pid=0 start=0ns deadline=0ns
