06-13 02:22:54.798 30255 30255 D jni_lib_merge: Preparing to register libreact_devsupportjni_so.  onload_func: 0x77697adf40
06-13 02:22:54.798 30255 30255 D jni_lib_merge: Preparing to register libreact_featureflagsjni_so.  onload_func: 0x77697c09f8
06-13 02:22:54.798 30255 30255 D jni_lib_merge: Preparing to register libreact_newarchdefaults_so.  onload_func: 0x77697e5e30
06-13 02:22:54.798 30255 30255 D jni_lib_merge: Preparing to register libreactnativeblob_so.  onload_func: 0x77698785b0
06-13 02:22:54.798 30255 30255 D jni_lib_merge: Preparing to register libreactnativejni_so.  onload_func: 0x7769892b24
06-13 02:22:54.798 30255 30255 D jni_lib_merge: Preparing to register libreactnativejni_common_so.  onload_func: 0x7769899458
06-13 02:22:54.798 30255 30255 D jni_lib_merge: Preparing to register librninstance_so.  onload_func: 0x77698b5070
06-13 02:22:54.798 30255 30255 D jni_lib_merge: Preparing to register libturbomodulejsijni_so.  onload_func: 0x776994d1a4
06-13 02:22:54.798 30255 30255 D jni_lib_merge: Preparing to register libuimanagerjni_so.  onload_func: 0x77699547e0
06-13 02:22:54.798 30255 30255 D jni_lib_merge: Preparing to register libyoga_so.  onload_func: 0x776995bda4
06-13 02:22:54.798 30255 30255 D jni_lib_merge: About to register 11 actual methods.
06-13 02:22:54.800 30255 30255 D nativeloader: Load /data/app/~~aKdhQwrFzEddJsASk0LB2w==/com.anonymous.MyNewAppClean-JVwyybsw4EyVW6coEiUXEg==/base.apk!/lib/arm64-v8a/libreact_codegen_safeareacontext.so using class loader ns clns-9 (caller=/data/app/~~aKdhQwrFzEddJsASk0LB2w==/com.anonymous.MyNewAppClean-JVwyybsw4EyVW6coEiUXEg==/base.apk!classes3.dex): ok
06-13 02:22:54.802 30255 30255 D nativeloader: Load /data/app/~~aKdhQwrFzEddJsASk0LB2w==/com.anonymous.MyNewAppClean-JVwyybsw4EyVW6coEiUXEg==/base.apk!/lib/arm64-v8a/libreact_codegen_rnpicker.so using class loader ns clns-9 (caller=/data/app/~~aKdhQwrFzEddJsASk0LB2w==/com.anonymous.MyNewAppClean-JVwyybsw4EyVW6coEiUXEg==/base.apk!classes3.dex): ok
06-13 02:22:54.802 30255 30255 D jni_lib_merge: Entering merged library JNI_OnLoad.
06-13 02:22:54.802 30255 30255 D jni_lib_merge: Preparing 12 pre-merged libs (including stub)
06-13 02:22:54.802 30255 30255 D jni_lib_merge: Preparing to register libfabricjni_so.  onload_func: 0x77696dcedc
06-13 02:22:54.802 30255 30255 D jni_lib_merge: Preparing to register libreact_devsupportjni_so.  onload_func: 0x77697adf40
06-13 02:22:54.802 30255 30255 D jni_lib_merge: Preparing to register libreact_featureflagsjni_so.  onload_func: 0x77697c09f8
06-13 02:22:54.802 30255 30255 D jni_lib_merge: Preparing to register libreact_newarchdefaults_so.  onload_func: 0x77697e5e30
06-13 02:22:54.802 30255 30255 D jni_lib_merge: Preparing to register libreactnativeblob_so.  onload_func: 0x77698785b0
06-13 02:22:54.802 30255 30255 D jni_lib_merge: Preparing to register libreactnativejni_so.  onload_func: 0x7769892b24
06-13 02:22:54.802 30255 30255 D jni_lib_merge: Preparing to register libreactnativejni_common_so.  onload_func: 0x7769899458
06-13 02:22:54.802 30255 30255 D jni_lib_merge: Preparing to register librninstance_so.  onload_func: 0x77698b5070
06-13 02:22:54.802 30255 30255 D jni_lib_merge: Preparing to register libturbomodulejsijni_so.  onload_func: 0x776994d1a4
06-13 02:22:54.802 30255 30255 D jni_lib_merge: Preparing to register libuimanagerjni_so.  onload_func: 0x77699547e0
06-13 02:22:54.802 30255 30255 D jni_lib_merge: Preparing to register libyoga_so.  onload_func: 0x776995bda4
06-13 02:22:54.802 30255 30255 D jni_lib_merge: About to register 11 actual methods.
06-13 02:22:54.803 30255 30255 D nativeloader: Load /data/app/~~aKdhQwrFzEddJsASk0LB2w==/com.anonymous.MyNewAppClean-JVwyybsw4EyVW6coEiUXEg==/base.apk!/lib/arm64-v8a/libappmodules.so using class loader ns clns-9 (caller=/data/app/~~aKdhQwrFzEddJsASk0LB2w==/com.anonymous.MyNewAppClean-JVwyybsw4EyVW6coEiUXEg==/base.apk!classes3.dex): ok
06-13 02:22:54.807   855   855 I hwservicemanager: getTransport: Cannot find entry vendor.qti.hardware.servicetracker@1.2::IServicetracker/default in either framework or device VINTF manifest.
06-13 02:22:54.807  3162  6917 W ActivityTaskManager: servicetracker HIDL not available
06-13 02:22:54.807  3162  6917 E ActivityTaskManager: Unable to get servicetracker HAL instance
06-13 02:22:54.808  3162  6917 V NtGameModeImpl: onAppFocusChanged: pkg=com.anonymous.MyNewAppClean, uid=10438, category=-1, launchMode= 1
06-13 02:22:54.808  3162  6917 D NtPopUpViewImpl: PopUpView: onAppFocusChanged: newTask=Task{73b699b #21099 type=standard A=10438:com.anonymous.MyNewAppClean}, showDimmer=false
06-13 02:22:54.808  3162  6917 D NtKafkaEventHelper: onActivityRecordChanged: info com.anonymous.MyNewAppClean:10438:30255
06-13 02:22:54.809  3162  3786 D BackgroundInstallControlService: Package event received: 0
06-13 02:22:54.811  3162  3786 D BackgroundInstallControlService: Package event received: 0
06-13 02:22:54.812 30255 30276 I DisplayManager: Choreographer implicitly registered for the refresh rate.
06-13 02:22:54.812  3935  7047 D TopAppSceneDetector: currentFocusApp=com.anonymous.MyNewAppClean
06-13 02:22:54.813 30255 30255 I s.MyNewAppClean: AssetManager2(0xb4000078d28a82b8) locale list changing from [] to [fr-FR]
06-13 02:22:54.816 30255 30276 I AdrenoGLES-0: QUALCOMM build                   : f1c98d72b3, I45c5214ffd
06-13 02:22:54.816 30255 30276 I AdrenoGLES-0: Build Date                       : 07/11/25
06-13 02:22:54.816 30255 30276 I AdrenoGLES-0: OpenGL ES Shader Compiler Version: E031.47.18.36
06-13 02:22:54.816 30255 30276 I AdrenoGLES-0: Local Branch                     : 
06-13 02:22:54.816 30255 30276 I AdrenoGLES-0: Remote Branch                    : refs/tags/AU_LINUX_ANDROID_LA.VENDOR.14.3.0.11.00.00.973.839
06-13 02:22:54.816 30255 30276 I AdrenoGLES-0: Remote Branch                    : NONE
06-13 02:22:54.816 30255 30276 I AdrenoGLES-0: Reconstruct Branch               : NOTHING
06-13 02:22:54.816 30255 30276 I AdrenoGLES-0: Build Config                     : S L 16.1.2 AArch64
06-13 02:22:54.816 30255 30276 I AdrenoGLES-0: Driver Path                      : /vendor/lib64/egl/libGLESv2_adreno.so
06-13 02:22:54.816 30255 30276 I AdrenoGLES-0: Driver Version                   : 0800.49
06-13 02:22:54.816 30255 30276 I AdrenoGLES-0: Process Name                     : com.anonymous.MyNewAppClean
06-13 02:22:54.818 30255 30255 D AppCompatDelegate: Checking for metadata for AppLocalesMetadataHolderService : Service not found
06-13 02:22:54.818 30255 30255 I s.MyNewAppClean: AssetManager2(0xb4000078d28a7958) locale list changing from [] to [fr-FR]
06-13 02:22:54.819  4288  4662 D Nt-Bpf-NtBpfControl: EVENT_RTT_UID: 10438
06-13 02:22:54.819  4288  4662 D Nt-Bpf-Client: updateDataInfoSwitch: dataInfoConfig = [DataInfoConfig{feature_enable=true, if_index=23, tcp_enable=true, tcp_rtt_enable=false, tcp_rtt_uid=10438, udp_enable=false, dns_enable=false, icmp_enable=true}]
06-13 02:22:54.819  4288  4662 D Nt-Bpf-Client: dataInfoSwitch: dataInfoConfig = [DataInfoConfig{feature_enable=true, if_index=23, tcp_enable=true, tcp_rtt_enable=false, tcp_rtt_uid=10438, udp_enable=false, dns_enable=false, icmp_enable=true}]
06-13 02:22:54.819  4288  4678 D Nt-Bpf-Connection: sendMessage: Message{messageType=REQUEST_DATA_INFO, data={"dns_enable":false,"feature_enable":true,"icmp_enable":true,"if_index":23,"rtt_to_file":false,"rtt_uid":10438,"tcp_enable":true,"udp_enable":false}, len=148}
06-13 02:22:54.819  4679  5544 D Nt-Bpf-Recive: Recive type: 4, len: 148, data: {"dns_enable":false,"feature_enable":true,"icmp_enable":true,"if_index":23,"rtt_to_file":false,"rtt_uid":10438,"tcp_enable":true,"udp_enable":false}
06-13 02:22:54.820 30255 30255 E ashmem  : Pinning is deprecated since Android Q. Please use trim or other methods.
06-13 02:22:54.821 30255 30276 I AdrenoGLES-0: PFP: 0x01100079, ME: 0x00000000
06-13 02:22:54.825  2193  2193 I qspmHal : enter getGpuProf at: -1101253016
06-13 02:22:54.825  2193  2193 I qspmHal : PID 30255 from GFX matched.
06-13 02:22:54.825  2193  2193 I qspmHal : gpuProfName:com.anonymous.MyNewAppClean-gpu - gpu prof_info.path:/data/vendor/gaming/com.anonymous.MyNewAppClean-gpu
06-13 02:22:54.825  2193  2193 E qspmHal : GPU profile file NOT found !!
06-13 02:22:54.555   561   561 I servicemanager: Caller(pid=30255,uid=10438,sid=u:r:untrusted_app:s0:c182,c257,c512,c768) Found vendor.qti.qspmhal.IQspmhal/default in device VINTF manifest.
06-13 02:22:54.826  3935  7047 D NearbyDetector: onTopActivityChanged: top class name: com.anonymous.MyNewAppClean.MainActivity
06-13 02:22:54.826  3935  7047 D NearbyDetector: onTopActivityChanged: top class name: com.android.searchlauncher.SearchLauncher
06-13 02:22:54.826  3935  7047 D GameSceneDetector: Failed to call isBoostTypeGame: java.lang.NoSuchMethodException: android.util.BoostFramework.perfGetFeedback []
06-13 02:22:54.826  3935  7047 D GameSceneDetector: onTopChanged=com.anonymous.MyNewAppClean, isBoostTypeGame=false, isCategoryGame=false, isTopGame=false
06-13 02:22:54.826  3935  7047 D SceneManager: TopAPP=com.anonymous.MyNewAppClean
06-13 02:22:54.826  3935  7047 D ThermalMitigationStrategy: onForegroundAppChange: app changed, should update buffer rate info next time
06-13 02:22:54.827 30255 30276 I AdrenoUtils: <ReadGpuID:366>: Reading chip ID through GSL
06-13 02:22:54.835 30255 30255 W unknown:BridgelessReact: ReactHost{0}.startSurface(surfaceId = 0): Schedule
06-13 02:22:54.835 30255 30255 W unknown:BridgelessReact: ReactHost{0}.attachSurface(surfaceId = 0)
06-13 02:22:54.836 30255 30279 W unknown:BridgelessReact: ReactHost{0}.getOrCreateReactInstanceTask()
06-13 02:22:54.836 30255 30279 W unknown:BridgelessReact: ReactHost{0}.getOrCreateReactInstanceTask(): Start
06-13 02:22:54.836 30255 30279 W unknown:BridgelessReact: ReactHost{0}.getJSBundleLoader()
06-13 02:22:54.836 30255 30279 W unknown:BridgelessReact: ReactHost{0}.getOrCreateReactContext(): Creating BridgelessReactContext
06-13 02:22:54.837 30255 30279 W unknown:BridgelessReact: ReactHost{0}.getOrCreateReactInstanceTask(): Creating ReactInstance
06-13 02:22:54.837 30255 30255 D CompatChangeReporter: Compat change id reported: 377864165; UID 10438; state: ENABLED
06-13 02:22:54.837 30255 30255 D DesktopModeFlags: Toggle override initialized to: OVERRIDE_UNSET
06-13 02:22:54.842 30255 30255 W WindowOnBackDispatcher: OnBackInvokedCallback is not enabled for the application.
06-13 02:22:54.842 30255 30255 W WindowOnBackDispatcher: Set 'android:enableOnBackInvokedCallback="true"' in the application manifest.
06-13 02:22:54.842 30255 30255 I ContentCaptureHelper: Setting logging level to OFF
06-13 02:22:54.844 30255 30279 D nativeloader: Load /data/app/~~aKdhQwrFzEddJsASk0LB2w==/com.anonymous.MyNewAppClean-JVwyybsw4EyVW6coEiUXEg==/base.apk!/lib/arm64-v8a/libhermes.so using class loader ns clns-9 (caller=/data/app/~~aKdhQwrFzEddJsASk0LB2w==/com.anonymous.MyNewAppClean-JVwyybsw4EyVW6coEiUXEg==/base.apk!classes3.dex): ok
06-13 02:22:54.845 30255 30279 D nativeloader: Load /data/app/~~aKdhQwrFzEddJsASk0LB2w==/com.anonymous.MyNewAppClean-JVwyybsw4EyVW6coEiUXEg==/base.apk!/lib/arm64-v8a/libhermestooling.so using class loader ns clns-9 (caller=/data/app/~~aKdhQwrFzEddJsASk0LB2w==/com.anonymous.MyNewAppClean-JVwyybsw4EyVW6coEiUXEg==/base.apk!classes3.dex): ok
06-13 02:22:54.845 30255 30279 D jni_lib_merge: Entering merged library JNI_OnLoad.
06-13 02:22:54.845 30255 30279 D jni_lib_merge: Preparing 4 pre-merged libs (including stub)
06-13 02:22:54.845 30255 30279 D jni_lib_merge: Preparing to register libhermes_executor_so.  onload_func: 0x77bc71f4b0
06-13 02:22:54.845 30255 30279 D jni_lib_merge: Preparing to register libhermesinstancejni_so.  onload_func: 0x77bc726900
06-13 02:22:54.845 30255 30279 D jni_lib_merge: Preparing to register libjsijniprofiler_so.  onload_func: 0x77bc7270ec
06-13 02:22:54.845 30255 30279 D jni_lib_merge: About to register 3 actual methods.
06-13 02:22:54.846 30255 30255 W unknown:BridgelessReact: ReactHost{0}.onHostResume(activity)
06-13 02:22:54.846 30255 30255 W unknown:BridgelessReact: ReactContext.onHostResume()
06-13 02:22:54.852 30255 30284 E HWUI    : attachRenderThreadToJvm
06-13 02:22:54.852 30255 30284 E HWUI    : AM IS NOT NULL!
06-13 02:22:54.852 30255 30285 E HWUI    : attachRenderThreadToJvm
06-13 02:22:54.852 30255 30285 E HWUI    : AM IS NOT NULL!
06-13 02:22:54.583   561   561 I servicemanager: Caller(pid=30255,uid=10438,sid=u:r:untrusted_app:s0:c182,c257,c512,c768) Found android.hardware.graphics.allocator.IAllocator/default in device VINTF manifest.
06-13 02:22:54.855   855   855 I hwservicemanager: getTransport: Cannot find entry android.hardware.graphics.allocator@4.0::IAllocator/default in either framework or device VINTF manifest.
06-13 02:22:54.586   561   561 I servicemanager: Caller(pid=30255,uid=10438,sid=u:r:untrusted_app:s0:c182,c257,c512,c768) Found android.hardware.graphics.allocator.IAllocator/default in device VINTF manifest.
--------- beginning of crash
06-13 02:22:54.866 30255 30279 E AndroidRuntime: FATAL EXCEPTION: pool-4-thread-1
06-13 02:22:54.866 30255 30279 E AndroidRuntime: Process: com.anonymous.MyNewAppClean, PID: 30255
06-13 02:22:54.866 30255 30279 E AndroidRuntime: java.lang.NoSuchMethodError: No static method getDirectConverter(Ljava/lang/Class;)Lexpo/modules/kotlin/types/JSTypeConverter; in class Lexpo/modules/kotlin/types/ReturnTypeKt; or its super classes (declaration of 'expo.modules.kotlin.types.ReturnTypeKt' appears in /data/app/~~aKdhQwrFzEddJsASk0LB2w==/com.anonymous.MyNewAppClean-JVwyybsw4EyVW6coEiUXEg==/base.apk!classes3.dex)
06-13 02:22:54.866 30255 30279 E AndroidRuntime: 	at expo.modules.font.FontLoaderModule.definition(FontLoaderModule.kt:98)
06-13 02:22:54.866 30255 30279 E AndroidRuntime: 	at expo.modules.kotlin.ModuleHolder.<init>(ModuleHolder.kt:22)
06-13 02:22:54.866 30255 30279 E AndroidRuntime: 	at expo.modules.kotlin.ModuleRegistry.register(ModuleRegistry.kt:27)
06-13 02:22:54.866 30255 30279 E AndroidRuntime: 	at expo.modules.kotlin.ModuleRegistry.register(ModuleRegistry.kt:47)
06-13 02:22:54.866 30255 30279 E AndroidRuntime: 	at expo.modules.kotlin.AppContext.<init>(AppContext.kt:120)
06-13 02:22:54.866 30255 30279 E AndroidRuntime: 	at expo.modules.kotlin.KotlinInteropModuleRegistry.<init>(KotlinInteropModuleRegistry.kt:23)
06-13 02:22:54.866 30255 30279 E AndroidRuntime: 	at expo.modules.adapters.react.NativeModulesProxy.<init>(NativeModulesProxy.java:45)
06-13 02:22:54.866 30255 30279 E AndroidRuntime: 	at expo.modules.adapters.react.ModuleRegistryAdapter.getOrCreateNativeModulesProxy(ModuleRegistryAdapter.java:135)
06-13 02:22:54.866 30255 30279 E AndroidRuntime: 	at expo.modules.adapters.react.ModuleRegistryAdapter.createNativeModules(ModuleRegistryAdapter.java:64)
06-13 02:22:54.866 30255 30279 E AndroidRuntime: 	at expo.modules.ExpoModulesPackage.createNativeModules(ExpoModulesPackage.kt:35)
06-13 02:22:54.866 30255 30279 E AndroidRuntime: 	at com.facebook.react.ReactPackageTurboModuleManagerDelegate.initialize(ReactPackageTurboModuleManagerDelegate.kt:87)
06-13 02:22:54.866 30255 30279 E AndroidRuntime: 	at com.facebook.react.ReactPackageTurboModuleManagerDelegate.<init>(ReactPackageTurboModuleManagerDelegate.kt:45)
06-13 02:22:54.866 30255 30279 E AndroidRuntime: 	at com.facebook.react.defaults.DefaultTurboModuleManagerDelegate.<init>(DefaultTurboModuleManagerDelegate.kt:35)
06-13 02:22:54.866 30255 30279 E AndroidRuntime: 	at com.facebook.react.defaults.DefaultTurboModuleManagerDelegate.<init>(DefaultTurboModuleManagerDelegate.kt:0)
06-13 02:22:54.866 30255 30279 E AndroidRuntime: 	at com.facebook.react.defaults.DefaultTurboModuleManagerDelegate$Builder.build(DefaultTurboModuleManagerDelegate.kt:62)
06-13 02:22:54.866 30255 30279 E AndroidRuntime: 	at com.facebook.react.defaults.DefaultTurboModuleManagerDelegate$Builder.build(DefaultTurboModuleManagerDelegate.kt:42)
06-13 02:22:54.866 30255 30279 E AndroidRuntime: 	at com.facebook.react.ReactPackageTurboModuleManagerDelegate$Builder.build(ReactPackageTurboModuleManagerDelegate.kt:241)
06-13 02:22:54.866 30255 30279 E AndroidRuntime: 	at com.facebook.react.runtime.ReactInstance.<init>(ReactInstance.kt:168)
06-13 02:22:54.866 30255 30279 E AndroidRuntime: 	at com.facebook.react.runtime.ReactHostImpl.getOrCreateReactInstanceTask$lambda$41$lambda$38(ReactHostImpl.kt:920)
06-13 02:22:54.866 30255 30279 E AndroidRuntime: 	at com.facebook.react.runtime.ReactHostImpl.$r8$lambda$LQY77bFECGrnkUqd7Ku55sJ721A(ReactHostImpl.kt:0)
06-13 02:22:54.866 30255 30279 E AndroidRuntime: 	at com.facebook.react.runtime.ReactHostImpl$$ExternalSyntheticLambda11.then(D8$$SyntheticClass:0)
06-13 02:22:54.866 30255 30279 E AndroidRuntime: 	at com.facebook.react.runtime.internal.bolts.Task$Companion.completeImmediately$lambda$3(Task.kt:356)
06-13 02:22:54.866 30255 30279 E AndroidRuntime: 	at com.facebook.react.runtime.internal.bolts.Task$Companion.$r8$lambda$b7MTC0ufkn_2TjF4BGcNqGR9qK0(Task.kt:0)
06-13 02:22:54.866 30255 30279 E AndroidRuntime: 	at com.facebook.react.runtime.internal.bolts.Task$Companion$$ExternalSyntheticLambda3.run(D8$$SyntheticClass:0)
06-13 02:22:54.866 30255 30279 E AndroidRuntime: 	at com.facebook.react.runtime.internal.bolts.Executors$ImmediateExecutor.execute(Executors.kt:41)
06-13 02:22:54.866 30255 30279 E AndroidRuntime: 	at com.facebook.react.runtime.internal.bolts.Task$Companion.completeImmediately(Task.kt:354)
06-13 02:22:54.866 30255 30279 E AndroidRuntime: 	at com.facebook.react.runtime.internal.bolts.Task$Companion.access$completeImmediately(Task.kt:250)
06-13 02:22:54.866 30255 30279 E AndroidRuntime: 	at com.facebook.react.runtime.internal.bolts.Task.continueWith(Task.kt:132)
06-13 02:22:54.866 30255 30279 E AndroidRuntime: 	at com.facebook.react.runtime.internal.bolts.Task.continueWith$default(Task.kt:117)
06-13 02:22:54.866 30255 30279 E AndroidRuntime: 	at com.facebook.react.runtime.internal.bolts.Task.onSuccess$lambda$12(Task.kt:174)
06-13 02:22:54.866 30255 30279 E AndroidRuntime: 	at com.facebook.react.runtime.internal.bolts.Task.$r8$lambda$l0wwo5AvbHxlwfI1R7CH_codxoo(Task.kt:0)
06-13 02:22:54.866 30255 30279 E AndroidRuntime: 	at com.facebook.react.runtime.internal.bolts.Task$$ExternalSyntheticLambda2.then(D8$$SyntheticClass:0)
06-13 02:22:54.866 30255 30279 E AndroidRuntime: 	at com.facebook.react.runtime.internal.bolts.Task$Companion.completeAfterTask$lambda$5(Task.kt:390)
06-13 02:22:54.866 30255 30279 E AndroidRuntime: 	at com.facebook.react.runtime.internal.bolts.Task$Companion.$r8$lambda$IPpysnehFwANEiW061YzapkMdoE(Task.kt:0)
06-13 02:22:54.866 30255 30279 E AndroidRuntime: 	at com.facebook.react.runtime.internal.bolts.Task$Companion$$ExternalSyntheticLambda4.run(D8$$SyntheticClass:0)
06-13 02:22:54.866 30255 30279 E AndroidRuntime: 	at java.util.concurrent.ThreadPoolExecutor.runWorker(ThreadPoolExecutor.java:1100)
06-13 02:22:54.866 30255 30279 E AndroidRuntime: 	at java.util.concurrent.ThreadPoolExecutor$Worker.run(ThreadPoolExecutor.java:624)
06-13 02:22:54.866 30255 30279 E AndroidRuntime: 	at java.lang.Thread.run(Thread.java:1572)
06-13 02:22:54.867  3162  6670 D ActivityCustomizationUtil: uid = 10438
06-13 02:22:54.868  3162  6917 D CoreBackPreview: Window{ec1ed4f u0 com.anonymous.MyNewAppClean/com.anonymous.MyNewAppClean.MainActivity}: Setting back callback OnBackInvokedCallbackInfo{mCallback=android.window.IOnBackInvokedCallback$Stub$Proxy@148c761, mPriority=0, mIsAnimationCallback=false, mOverrideBehavior=0}
06-13 02:22:54.869  3162  3564 W ActivityTaskManager:   Force finishing activity com.anonymous.MyNewAppClean/.MainActivity
06-13 02:22:54.870  3954  4047 V WindowManagerShell: Transition requested (#2918): android.os.BinderProxy@c4d6b88 TransitionRequestInfo { type = CLOSE, triggerTask = TaskInfo{userId=0 taskId=21099 effectiveUid=10438 displayId=0 isRunning=true baseIntent=Intent { act=android.intent.action.MAIN cat=[android.intent.category.LAUNCHER] flg=0x10200000 cmp=com.anonymous.MyNewAppClean/.MainActivity } baseActivity=ComponentInfo{com.anonymous.MyNewAppClean/com.anonymous.MyNewAppClean.MainActivity} topActivity=ComponentInfo{com.anonymous.MyNewAppClean/com.anonymous.MyNewAppClean.MainActivity} origActivity=null realActivity=ComponentInfo{com.anonymous.MyNewAppClean/com.anonymous.MyNewAppClean.MainActivity} numActivities=1 lastActiveTime=242851336 supportsMultiWindow=true resizeMode=1 isResizeable=true minWidth=-1 minHeight=-1 defaultMinSize=220 token=WCT{android.window.IWindowContainerToken$Stub$Proxy@6ea6921} topActivityType=1 pictureInPictureParams=null shouldDockBigOverlays=false launchIntoPipHostTaskId=-1 lastParentTaskIdBeforePip=-1 displayCutoutSafeInsets=Rect(0, 0 - 0, 0) topActivityInfo=ActivityInfo{e5d0146 com.anonymous.MyNewAppClean.MainActivity} launchCookies=[] positionInParent=Point(0, 0) parentTaskId=-1 isFocused=true isVisible=true isVisibleRequested=true isTopActivityNoDisplay=false isSleeping=false locusId=null displayAreaFeatureId=1 isTopActivityTransparent=false isActivityStackTransparent=false lastNonFullscreenBounds=Rect(276, 687 - 805, 1767) capturedLink=null capturedLinkTimestamp=0 requestedVisibleTypes=-9 topActivityRequestOpenInBrowserEducationTimestamp=0 appCompatTaskInfo=AppCompatTaskInfo { topActivityInSizeCompat=false eligibleForLetterboxEducation= false isLetterboxEducationEnabled= false isLetterboxDoubleTapEnabled= false eligibleForUserAspectRatioButton= false topActivityBoundsLetterboxed= false isFromLetterboxDoubleTap= false topActivityLetterboxVerticalPosition= -1 topActivityLetterboxHorizontalPosition= -1 topActivityLetterboxWidth=-1 topActivityLetterboxHeight=-1 topActivityAppBounds=Rect(0, 0 - 1080, 2392) isUserFullscreenOverrideEnabled=false isSystemFullscreenOverrideEnabled=false hasMinAspectRatioOverride=false topActivityLetterboxBounds=null cameraCompatTaskInfo=CameraCompatTaskInfo { freeformCameraCompatMode=inactive}} topActivityMainWindowFrame=null}, pipChange = null, remoteTransition = null, displayChange = null, flags = 16, debugId = 2918 }
06-13 02:22:54.870  3162  3564 D NtAppUsageManager: Duration is too short, ignore : 170 in com.anonymous.MyNewAppClean
06-13 02:22:54.870  3162  3564 D ActivityTrigger: ActivityTrigger activityPauseTrigger 
06-13 02:22:54.870  2110  2204 I ANDR-PWR-OPT: GAMEPOWEROPT: sendEvents() 232: Start hint for app com.anonymous.MyNewAppClean/com.anonymous.MyNewAppClean.MainActivity/1, hintID : 4100, hintID hex : 1004 value: -1
06-13 02:22:54.871  2110  2204 I ANDR-PWR-OPT: PowerAppClassifier: getAppType() 59: checking app [com.anonymous.MyNewAppClean] is type 1
06-13 02:22:54.871  2110  2204 I ANDR-PWR-OPT: GAMEPOWEROPT: isGame() 355: com.anonymous.MyNewAppClean is Game = 1
06-13 02:22:54.871   855   855 I hwservicemanager: getTransport: Cannot find entry vendor.qti.hardware.servicetracker@1.2::IServicetracker/default in either framework or device VINTF manifest.
06-13 02:22:54.871  3162  3564 W ActivityTaskManager: servicetracker HIDL not available
06-13 02:22:54.871  3162  3564 E ActivityTaskManager: Unable to get servicetracker HAL instance
06-13 02:22:54.872 30255 30255 D NtViewRootImpl: mPopUpViewOffsets: offset=(0.0, 0.0), scale=(1.0, 1.0)
06-13 02:22:54.873  4325  4401 I DynamicDDSService: handleMessage(ACTIVITY_INVOKE{appInfo=com.nothing.launcher isFullScreen=}true)
06-13 02:22:54.874 30255 30279 I Process : Sending signal. PID: 30255 SIG: 9
06-13 02:22:54.875  4354  4354 I NT-TopTaskTracker: Found recent activity taskId = 20679
06-13 02:22:54.881  2233  3451 I BpBinder: onLastStrongRef automatically unlinking death recipients: 
06-13 02:22:54.882  3954  3954 D LightBarController: updateStatus= numStacks: 1, size: 0, appearance: 0
06-13 02:22:54.894  3162  6586 I WindowManager: WIN DEATH: Window{ec1ed4f u0 com.anonymous.MyNewAppClean/com.anonymous.MyNewAppClean.MainActivity}
06-13 02:22:54.895  3162  3564 I ActivityManager: Process com.anonymous.MyNewAppClean (pid 30255) has died: fg  TOP 
06-13 02:22:54.895  3162  3228 I libprocessgroup: Removed cgroup /sys/fs/cgroup/apps/uid_10438/pid_30255
06-13 02:22:54.895  1940  1940 I Zygote  : Process 30255 exited due to signal 9 (Killed)
06-13 02:22:54.895  3162  6586 D ActivityCustomizationUtil: uid = 10214
06-13 02:22:54.900  2177  2177 I vendor.qti.hardware.servicetrackeraidl-service: killProcess is called for pid : 30255
06-13 02:22:54.902  5378  5451 V OsAgent : broadcastSystemEvent - 7
06-13 02:22:54.902  3162  3217 I SensorService: checkAndReportAmbientLightSensorStateChangeLocked new 0 old 0 force 0
06-13 02:22:54.904  3162  3705 D InetDiagMessage: Destroyed 0 sockets, proto=IPPROTO_TCP, family=AF_INET, states=14
06-13 02:22:54.904  3162  3705 D InetDiagMessage: Destroyed 0 sockets, proto=IPPROTO_TCP, family=AF_INET6, states=14
06-13 02:22:54.904  3162  3705 D InetDiagMessage: Destroyed live tcp sockets for uids={10438} in 1ms
06-13 02:22:54.905  3162  3705 D InetDiagMessage: Destroyed 0 sockets, proto=IPPROTO_TCP, family=AF_INET, states=14
06-13 02:22:54.905  3162  3705 D InetDiagMessage: Destroyed 0 sockets, proto=IPPROTO_TCP, family=AF_INET6, states=14
06-13 02:22:54.905  3162  3705 D InetDiagMessage: Destroyed live tcp sockets for uids={20438} in 1ms
06-13 02:22:54.906   855   855 I hwservicemanager: getTransport: Cannot find entry vendor.qti.hardware.servicetracker@1.2::IServicetracker/default in either framework or device VINTF manifest.
06-13 02:22:54.906  3162  3564 W ActivityTaskManager: servicetracker HIDL not available
06-13 02:22:54.906  3162  3564 E ActivityTaskManager: Unable to get servicetracker HAL instance
06-13 02:22:54.906   855   855 I hwservicemanager: getTransport: Cannot find entry vendor.qti.hardware.servicetracker@1.2::IServicetracker/default in either framework or device VINTF manifest.
06-13 02:22:54.906  3162  3564 W ActivityTaskManager: servicetracker HIDL not available
06-13 02:22:54.906  3162  3564 E ActivityTaskManager: Unable to get servicetracker HAL instance
06-13 02:22:54.907   855   855 I hwservicemanager: getTransport: Cannot find entry vendor.qti.hardware.servicetracker@1.2::IServicetracker/default in either framework or device VINTF manifest.
06-13 02:22:54.907  3162  3564 W ActivityTaskManager: servicetracker HIDL not available
06-13 02:22:54.907  3162  3564 E ActivityTaskManager: Unable to get servicetracker HAL instance
06-13 02:22:54.907  3162  3564 D NtPopUpViewImpl: PopUpView: onAppFocusChanged: newTask=null, showDimmer=false
06-13 02:22:54.907  3162  3786 D BackgroundInstallControlService: Package event received: 0
06-13 02:22:54.908  3162  3564 D NtMemoryManager: mIsHighPressureScene: false : com.nothing.launcher
06-13 02:22:54.908  3162  3564 D NtProcessManager: Top app: com.nothing.launcher
06-13 02:22:54.908  2110  2204 I ANDR-PWR-OPT: GAMEPOWEROPT: sendEvents() 232: Start hint for app com.nothing.launcher/com.android.searchlauncher.SearchLauncher/40018016, hintID : 4099, hintID hex : 1003 value: -1
06-13 02:22:54.908   855   855 I hwservicemanager: getTransport: Cannot find entry vendor.qti.hardware.servicetracker@1.2::IServicetracker/default in either framework or device VINTF manifest.
06-13 02:22:54.908  3162  3564 W ActivityTaskManager: servicetracker HIDL not available
06-13 02:22:54.908  2110  2204 I ANDR-PWR-OPT: PowerAppClassifier: getAppType() 59: checking app [com.nothing.launcher] is type 1
06-13 02:22:54.908  3162  3564 E ActivityTaskManager: Unable to get servicetracker HAL instance
06-13 02:22:54.909  3162  3564 V NtGameModeImpl: onAppFocusChanged: pkg=com.nothing.launcher, uid=10214, category=-1, launchMode= 1
06-13 02:22:54.909  2110  2204 I ANDR-PWR-OPT: GAMEPOWEROPT: isGame() 355: com.nothing.launcher is Game = 1
06-13 02:22:54.909  3162  3564 D NtPopUpViewImpl: PopUpView: onAppFocusChanged: newTask=Task{adae099 #20679 type=home I=com.nothing.launcher/com.android.searchlauncher.SearchLauncher}, showDimmer=false
06-13 02:22:54.909  3162  3564 D NtKafkaEventHelper: onActivityRecordChanged: info com.nothing.launcher:10214:4354
06-13 02:22:54.912  3954  4047 D WindowManagerShell: setLauncherKeepClearAreaHeight: visible=true, height=434
06-13 02:22:54.912  2467  4527 D StNfcHal: (#06B84) Rx 6f 02 0f (hidden)
06-13 02:22:54.912  2467  4526 D StNfcHal: HalStopTimer 
06-13 02:22:54.912  3162  3786 D BackgroundInstallControlService: Package event received: 0
06-13 02:22:54.912  4354  4354 I NT-AIWidgetAIWidgetController: Lifecycle onStateChanged event=ON_RESUME
06-13 02:22:54.912  4354  4354 I NT-AIWidgetAIWidgetInputMonitor: Lifecycle onStateChanged event=ON_RESUME
06-13 02:22:54.913 27358 27358 I bynm    : onResume
06-13 02:22:54.913 27358 27358 W dolk    : missing event name
06-13 02:22:54.914  3162  3786 D BackgroundInstallControlService: Package event received: 0
06-13 02:22:54.917  4354  4354 D NtViewRootImpl: mPopUpViewOffsets: offset=(0.0, 0.0), scale=(1.0, 1.0)
06-13 02:22:54.921  3954  3973 V WindowManagerShell: onTransitionReady(transaction=13580686782197)
06-13 02:22:54.921  3954  4047 V WindowManagerShell: onTransitionReady (#2918) android.os.BinderProxy@c4d6b88: {id=2918 t=CLOSE f=0x10 trk=0 isSameTaskSwitch=false r=[0@Point(0, 0)] c=[
06-13 02:22:54.921  3954  4047 V WindowManagerShell:         {m=TO_FRONT f=SHOW_WALLPAPER|MOVE_TO_TOP leash=Surface(name=Task=1)/@0x6210f07 sb=Rect(0, 0 - 1080, 2392) eb=Rect(0, 0 - 1080, 2392) epz=Point(1080, 2392) d=0 taskParent=-1 ntPopUpView={mIsTryEnterWindowingMode=false mIsEnterWindowingModeLandscape=false mIsChangingWindowformBounds=false mStartPos=Point(0, 0) mEndPos=Point(0, 0) mStartScale=0.0 mEndScale=0.0 mStartCornerRadius=0.0 mEndCornerRadius=0.0 mAppBounds=Rect(0, 0 - 0, 0) mWindowCrop=Rect(0, 0 - 0, 0) mStartDragOrChangingBounds=Rect(0, 0 - 0, 0) mEndDragOrChangingBounds=Rect(0, 0 - 0, 0) mBottomLeftCornerLeash=null mBottomRightCornerLeash=null mDragBarLeash=null mCornerHintSize=60x60 mDragBarSize=189x42}},
06-13 02:22:54.921  3954  4047 V WindowManagerShell:         {m=CLOSE f=NONE leash=Surface(name=Task=21099)/@0x511b834 sb=Rect(0, 0 - 1080, 2392) eb=Rect(0, 0 - 1080, 2392) epz=Point(1080, 2392) d=0 taskParent=-1 ntPopUpView={mIsTryEnterWindowingMode=false mIsEnterWindowingModeLandscape=false mIsChangingWindowformBounds=false mStartPos=Point(0, 0) mEndPos=Point(0, 0) mStartScale=0.0 mEndScale=0.0 mStartCornerRadius=0.0 mEndCornerRadius=0.0 mAppBounds=Rect(0, 0 - 0, 0) mWindowCrop=Rect(0, 0 - 0, 0) mStartDragOrChangingBounds=Rect(0, 0 - 0, 0) mEndDragOrChangingBounds=Rect(0, 0 - 0, 0) mBottomLeftCornerLeash=null mBottomRightCornerLeash=null mDragBarLeash=null mCornerHintSize=60x60 mDragBarSize=189x42}},
06-13 02:22:54.921  3954  4047 V WindowManagerShell:         {m=TO_FRONT f=IS_WALLPAPER leash=Surface(name=WallpaperWindowToken{62483f0 showWhenLocked=false})/@0xae3765d sb=Rect(0, 0 - 1080, 2392) eb=Rect(0, 0 - 1080, 2392) epz=Point(1080, 2392) d=0 ntPopUpView={mIsTryEnterWindowingMode=false mIsEnterWindowingModeLandscape=false mIsChangingWindowformBounds=false mStartPos=Point(0, 0) mEndPos=Point(0, 0) mStartScale=0.0 mEndScale=0.0 mStartCornerRadius=0.0 mEndCornerRadius=0.0 mAppBounds=Rect(0, 0 - 0, 0) mWindowCrop=Rect(0, 0 - 0, 0) mStartDragOrChangingBounds=Rect(0, 0 - 0, 0) mEndDragOrChangingBounds=Rect(0, 0 - 0, 0) mBottomLeftCornerLeash=null mBottomRightCornerLeash=null mDragBarLeash=null mCornerHintSize=0x0 mDragBarSize=0x0}}
06-13 02:22:54.921  3954  4047 V WindowManagerShell:     ]}
06-13 02:22:54.921  3954  4047 V WindowManagerShell: Transition (#2918) android.os.BinderProxy@c4d6b88@0 ready while (#2917) android.os.BinderProxy@f78053c@0 is still animating. Notify the animating transition in case they can be merged
06-13 02:22:54.923  3954  4047 D PopUpViewTransitionObserver: onTransitionFinished: transition=android.os.BinderProxy@f78053c, taskInfo=[]
06-13 02:22:54.923  3954  4047 V WindowManagerShell: Transition animation finished (aborted=false), notifying core (#2917) android.os.BinderProxy@f78053c@0
06-13 02:22:54.924  3935  7047 D TopAppSceneDetector: currentFocusApp=com.nothing.launcher
06-13 02:22:54.924  4288  4662 D Nt-Bpf-NtBpfControl: EVENT_RTT_UID: 0
06-13 02:22:54.924  4288  4662 D Nt-Bpf-Client: updateDataInfoSwitch: dataInfoConfig = [DataInfoConfig{feature_enable=true, if_index=23, tcp_enable=true, tcp_rtt_enable=false, tcp_rtt_uid=0, udp_enable=false, dns_enable=false, icmp_enable=true}]
06-13 02:22:54.924  4288  4662 D Nt-Bpf-Client: dataInfoSwitch: dataInfoConfig = [DataInfoConfig{feature_enable=true, if_index=23, tcp_enable=true, tcp_rtt_enable=false, tcp_rtt_uid=0, udp_enable=false, dns_enable=false, icmp_enable=true}]
06-13 02:22:54.924  4288  4678 D Nt-Bpf-Connection: sendMessage: Message{messageType=REQUEST_DATA_INFO, data={"dns_enable":false,"feature_enable":true,"icmp_enable":true,"if_index":23,"rtt_to_file":false,"rtt_uid":0,"tcp_enable":true,"udp_enable":false}, len=144}
06-13 02:22:54.925  4679  5544 D Nt-Bpf-Recive: Recive type: 4, len: 144, data: {"dns_enable":false,"feature_enable":true,"icmp_enable":true,"if_index":23,"rtt_to_file":false,"rtt_uid":0,"tcp_enable":true,"udp_enable":false}
06-13 02:22:54.926  3162  3216 V WindowManager: Sent Transition (#2918) createdAt=06-13 02:22:54.869 via request=TransitionRequestInfo { type = CLOSE, triggerTask = TaskInfo{userId=0 taskId=21099 effectiveUid=10438 displayId=0 isRunning=true baseIntent=Intent { act=android.intent.action.MAIN cat=[android.intent.category.LAUNCHER] flg=0x10200000 cmp=com.anonymous.MyNewAppClean/.MainActivity } baseActivity=ComponentInfo{com.anonymous.MyNewAppClean/com.anonymous.MyNewAppClean.MainActivity} topActivity=ComponentInfo{com.anonymous.MyNewAppClean/com.anonymous.MyNewAppClean.MainActivity} origActivity=null realActivity=ComponentInfo{com.anonymous.MyNewAppClean/com.anonymous.MyNewAppClean.MainActivity} numActivities=1 lastActiveTime=242851336 supportsMultiWindow=true resizeMode=1 isResizeable=true minWidth=-1 minHeight=-1 defaultMinSize=220 token=WCT{RemoteToken{605ef8b Task{73b699b #21099 type=standard A=10438:com.anonymous.MyNewAppClean}}} topActivityType=1 pictureInPictureParams=null shouldDockBigOverlays=false launchIntoPipHostTaskId=-1 lastParentTaskIdBeforePip=-1 displayCutoutSafeInsets=Rect(0, 0 - 0, 0) topActivityInfo=ActivityInfo{58868 com.anonymous.MyNewAppClean.MainActivity} launchCookies=[] positionInParent=Point(0, 0) parentTaskId=-1 isFocused=true isVisible=true isVisibleRequested=true isTopActivityNoDisplay=false isSleeping=false locusId=null displayAreaFeatureId=1 isTopActivityTransparent=false isActivityStackTransparent=false lastNonFullscreenBounds=Rect(276, 687 - 805, 1767) capturedLink=null capturedLinkTimestamp=0 requestedVisibleTypes=-9 topActivityRequestOpenInBrowserEducationTimestamp=0 appCompatTaskInfo=AppCompatTaskInfo { topActivityInSizeCompat=false eligibleForLetterboxEducation= false isLetterboxEducationEnabled= false isLetterboxDoubleTapEnabled= false eligibleForUserAspectRatioButton= false topActivityBoundsLetterboxed= false isFromLetterboxDoubleTap= false topActivityLetterboxVerticalPosition= -1 topActivityLetterboxHorizontalPosition= -1 topActivityLetterboxWidth=-1 topActivityLetterboxHeight=-1 topActivityAppBounds=Rect(0, 0 - 1080, 2392) isUserFullscreenOverrideEnabled=false isSystemFullscreenOverrideEnabled=false hasMinAspectRatioOverride=false topActivityLetterboxBounds=null cameraCompatTaskInfo=CameraCompatTaskInfo { freeformCameraCompatMode=inactive}} topActivityMainWindowFrame=null}, pipChange = null, remoteTransition = null, displayChange = null, flags = 16, debugId = 2918 }
06-13 02:22:54.926  3162  3216 V WindowManager:     startWCT=WindowContainerTransaction { changes= {} hops= [] errorCallbackToken=null taskFragmentOrganizer=null }
06-13 02:22:54.926  3162  3216 V WindowManager:     info={id=2918 t=CLOSE f=0x10 trk=0 isSameTaskSwitch=false r=[0@Point(0, 0)] c=[
06-13 02:22:54.926  3162  3216 V WindowManager:         {WCT{RemoteToken{8c653a3 Task{84a7faa #1 type=home}}} m=TO_FRONT f=SHOW_WALLPAPER|MOVE_TO_TOP leash=Surface(name=Task=1)/@0x45537d9 sb=Rect(0, 0 - 1080, 2392) eb=Rect(0, 0 - 1080, 2392) epz=Point(1080, 2392) d=0 taskParent=-1 ntPopUpView={mIsTryEnterWindowingMode=false mIsEnterWindowingModeLandscape=false mIsChangingWindowformBounds=false mStartPos=Point(0, 0) mEndPos=Point(0, 0) mStartScale=0.0 mEndScale=0.0 mStartCornerRadius=0.0 mEndCornerRadius=0.0 mAppBounds=Rect(0, 0 - 0, 0) mWindowCrop=Rect(0, 0 - 0, 0) mStartDragOrChangingBounds=Rect(0, 0 - 0, 0) mEndDragOrChangingBounds=Rect(0, 0 - 0, 0) mBottomLeftCornerLeash=null mBottomRightCornerLeash=null mDragBarLeash=null mCornerHintSize=60x60 mDragBarSize=189x42}},
06-13 02:22:54.926  3162  3216 V WindowManager:         {WCT{RemoteToken{605ef8b Task{73b699b #21099 type=standard A=10438:com.anonymous.MyNewAppClean}}} m=CLOSE f=NONE leash=Surface(name=Task=21099)/@0xe498d05 sb=Rect(0, 0 - 1080, 2392) eb=Rect(0, 0 - 1080, 2392) epz=Point(1080, 2392) d=0 taskParent=-1 ntPopUpView={mIsTryEnterWindowingMode=false mIsEnterWindowingModeLandscape=false mIsChangingWindowformBounds=false mStartPos=Point(0, 0) mEndPos=Point(0, 0) mStartScale=0.0 mEndScale=0.0 mStartCornerRadius=0.0 mEndCornerRadius=0.0 mAppBounds=Rect(0, 0 - 0, 0) mWindowCrop=Rect(0, 0 - 0, 0) mStartDragOrChangingBounds=Rect(0, 0 - 0, 0) mEndDragOrChangingBounds=Rect(0, 0 - 0, 0) mBottomLeftCornerLeash=null mBottomRightCornerLeash=null mDragBarLeash=null mCornerHintSize=60x60 mDragBarSize=189x42}},
06-13 02:22:54.926  3162  3216 V WindowManager:         {m=TO_FRONT f=IS_WALLPAPER leash=Surface(name=WallpaperWindowToken{62483f0 showWhenLocked=false})/@0xd7b3d23 sb=Rect(0, 0 - 1080, 2392) eb=Rect(0, 0 - 1080, 2392) epz=Point(1080, 2392) d=0 ntPopUpView={mIsTryEnterWindowingMode=false mIsEnterWindowingModeLandscape=false mIsChangingWindowformBounds=false mStartPos=Point(0, 0) mEndPos=Point(0, 0) mStartScale=0.0 mEndScale=0.0 mStartCornerRadius=0.0 mEndCornerRadius=0.0 mAppBounds=Rect(0, 0 - 0, 0) mWindowCrop=Rect(0, 0 - 0, 0) mStartDragOrChangingBounds=Rect(0, 0 - 0, 0) mEndDragOrChangingBounds=Rect(0, 0 - 0, 0) mBottomLeftCornerLeash=null mBottomRightCornerLeash=null mDragBarLeash=null mCornerHintSize=0x0 mDragBarSize=0x0}}
06-13 02:22:54.926  3162  3216 V WindowManager:     ]}
06-13 02:22:54.927  3162  3628 I ImeTracker: com.nothing.launcher:1da1baef: onRequestHide at ORIGIN_SERVER reason HIDE_SAME_WINDOW_FOCUSED_WITHOUT_EDITOR fromUser false
06-13 02:22:54.927  4354  4354 D InsetsController: hide(ime(), fromIme=false)
06-13 02:22:54.927  4354  4354 I ImeTracker: com.nothing.launcher:1da1baef: onCancelled at PHASE_CLIENT_ALREADY_HIDDEN
06-13 02:22:54.928  2176  2176 E ANDR-PERF-LM: PrefAppsFeature: getData() 345: Could not get preferred apps, Prefered apps list is empty or device is low on memory.
06-13 02:22:54.933  3954  4047 V WindowManagerShell: Playing animation for (#2918) android.os.BinderProxy@c4d6b88@0
06-13 02:22:54.933  3954  4047 V ShellRecents: RecentsTransitionHandler.startAnimation: no controller found
06-13 02:22:54.933  3954  4047 V WindowManagerShell: Transition doesn't have explicit remote, search filters for match for {id=2918 t=CLOSE f=0x10 trk=0 isSameTaskSwitch=false r=[0@Point(0, 0)] c=[{m=TO_FRONT f=SHOW_WALLPAPER|MOVE_TO_TOP leash=Surface(name=Task=1)/@0x6210f07 sb=Rect(0, 0 - 1080, 2392) eb=Rect(0, 0 - 1080, 2392) epz=Point(1080, 2392) d=0 taskParent=-1 ntPopUpView={mIsTryEnterWindowingMode=false mIsEnterWindowingModeLandscape=false mIsChangingWindowformBounds=false mStartPos=Point(0, 0) mEndPos=Point(0, 0) mStartScale=0.0 mEndScale=0.0 mStartCornerRadius=0.0 mEndCornerRadius=0.0 mAppBounds=Rect(0, 0 - 0, 0) mWindowCrop=Rect(0, 0 - 0, 0) mStartDragOrChangingBounds=Rect(0, 0 - 0, 0) mEndDragOrChangingBounds=Rect(0, 0 - 0, 0) mBottomLeftCornerLeash=null mBottomRightCornerLeash=null mDragBarLeash=null mCornerHintSize=60x60 mDragBarSize=189x42}},{m=CLOSE f=NONE leash=Surface(name=Task=21099)/@0x511b834 sb=Rect(0, 0 - 1080, 2392) eb=Rect(0, 0 - 1080, 2392) epz=Point(1080, 2392) d=0 taskParent=-1 ntPopUpView={mIsTryEnterWindowingMode=false mIsEnterWindowingModeLandscape=false mIsChangingWindowformBounds=false mStartPos=Point(0, 0) mEndPos=Point(0, 0) mStartScale=0.0 mEndScale=0.0 mStartCornerRadius=0.0 mEndCornerRadius=0.0 mAppBounds=Rect(0, 0 - 0, 0) mWindowCrop=Rect(0, 0 - 0, 0) mStartDragOrChangingBounds=Rect(0, 0 - 0, 0) mEndDragOrChangingBounds=Rect(0, 0 - 0, 0) mBottomLeftCornerLeash=null mBottomRightCornerLeash=null mDragBarLeash=null mCornerHintSize=60x60 mDragBarSize=189x42}},{m=TO_FRONT f=IS_WALLPAPER leash=Surface(name=WallpaperWindowToken{62483f0 showWhenLocked=false})/@0xae3765d sb=Rect(0, 0 - 1080, 2392) eb=Rect(0, 0 - 1080, 2392) epz=Point(1080, 2392) d=0 ntPopUpView={mIsTryEnterWindowingMode=false mIsEnterWindowingModeLandscape=false mIsChangingWindowformBounds=false mStartPos=Point(0, 0) mEndPos=Point(0, 0) mStartScale=0.0 mEndScale=0.0 mStartCornerRadius=0.0 mEndCornerRadius=0.0 mAppBounds=Rect(0, 0 - 0, 0) mWindowCrop=Rect(0, 0 - 0, 0) mStartDragOrChangingBounds=Rect(0, 0 - 0, 0) mEndDragOrChangingBounds=Rect(0, 0 - 0, 0) mBottomLeftCornerLeash=null mBottomRightCornerLeash=null mDragBarLeash=null mCornerHintSize=0x0 mDragBarSize=0x0}}]}
06-13 02:22:54.933  3954  4047 V WindowManagerShell:  Checking filter Pair{{types=[] flags=0x0] notFlags=0x100 checks=[{atype=home independent=true modes=[OPEN,TO_FRONT] flags=NONE mustBeTask=false order=TOP topActivity=ComponentInfo{com.nothing.launcher/com.android.searchlauncher.SearchLauncher} launchCookie=null windowingMode=undefined},{atype=standard independent=true modes=[CLOSE,TO_BACK] flags=NONE mustBeTask=false order=ANY topActivity=null launchCookie=null windowingMode=undefined},{NOT atype=undefined independent=true modes=[] flags=NONE mustBeTask=true order=ANY topActivity=null launchCookie=null customAnim=true windowingMode=undefined}]} RemoteTransition { remoteTransition = android.window.IRemoteTransition$Stub$Proxy@92ff062, appThread = android.app.IApplicationThread$Stub$Proxy@27365f3, debugName = QuickstepLaunchHome }}
06-13 02:22:54.934  3954  4047 D RemoteTransitionHandler: Found filterPair{{types=[] flags=0x0] notFlags=0x100 checks=[{atype=home independent=true modes=[OPEN,TO_FRONT] flags=NONE mustBeTask=false order=TOP topActivity=ComponentInfo{com.nothing.launcher/com.android.searchlauncher.SearchLauncher} launchCookie=null windowingMode=undefined},{atype=standard independent=true modes=[CLOSE,TO_BACK] flags=NONE mustBeTask=false order=ANY topActivity=null launchCookie=null windowingMode=undefined},{NOT atype=undefined independent=true modes=[] flags=NONE mustBeTask=true order=ANY topActivity=null launchCookie=null customAnim=true windowingMode=undefined}]} RemoteTransition { remoteTransition = android.window.IRemoteTransition$Stub$Proxy@92ff062, appThread = android.app.IApplicationThread$Stub$Proxy@27365f3, debugName = QuickstepLaunchHome }}
06-13 02:22:54.934  3954  4047 V WindowManagerShell:  Delegate animation for (#2918) to RemoteTransition { remoteTransition = android.window.IRemoteTransition$Stub$Proxy@92ff062, appThread = android.app.IApplicationThread$Stub$Proxy@27365f3, debugName = QuickstepLaunchHome }
06-13 02:22:54.935  3935  7047 D NearbyDetector: onTopActivityChanged: top class name: com.android.searchlauncher.SearchLauncher
06-13 02:22:54.935  3935  7047 D NearbyDetector: onTopActivityChanged: top class name: com.android.settings.spa.SpaActivity
06-13 02:22:54.935  3935  7047 D GameSceneDetector: Failed to call isBoostTypeGame: java.lang.NoSuchMethodException: android.util.BoostFramework.perfGetFeedback []
06-13 02:22:54.935  3935  7047 D GameSceneDetector: onTopChanged=com.nothing.launcher, isBoostTypeGame=false, isCategoryGame=false, isTopGame=false
06-13 02:22:54.935  3935  7047 D SceneManager: TopAPP=com.nothing.launcher
06-13 02:22:54.936  4354  4354 I NotificationListener: Handling notification state refresh for com.android.systemui#0
06-13 02:22:54.936  4354  4354 I NotificationListener: Handling notification state refresh for com.whatsapp#0
06-13 02:22:54.936  4354  4354 I NotificationListener: Handling notification state refresh for com.whatsapp#0
06-13 02:22:54.936  4354  4354 I NotificationListener: Handling notification state refresh for com.snapchat.android#0
06-13 02:22:54.936  4354  4354 I NotificationListener: Handling notification state refresh for com.snapchat.android#0
06-13 02:22:54.937  3162  3219 D NtPerfTraceManagerImpl: packageName = com.nothing.launcher, taskId = 20679
06-13 02:22:54.937 18313 18313 I GoogleInputMethodService: GoogleInputMethodService.onFinishInput():2259 
06-13 02:22:54.937  3954  4047 V WindowManagerShell:  animated by com.android.wm.shell.transition.RemoteTransitionHandler@3d88338
06-13 02:22:54.936  3162  3216 V WindowManager: Finish Transition (#2917): created at 06-13 02:22:54.661 collect-started=0.03ms request-sent=14.984ms started=19.376ms ready=65.528ms sent=67.541ms commit=18.483ms finished=265.744ms
06-13 02:22:54.939  2177  2177 I vendor.qti.hardware.servicetrackeraidl-service: bindService is called for service : com.google.android.gms/.chimera.PersistentApiService and for client com.google.android.googlequicksearchbox:googleapp
06-13 02:22:54.939  2177  2177 I vendor.qti.hardware.servicetrackeraidl-service: total connections for service : com.google.android.gms/.chimera.PersistentApiServiceare :55
06-13 02:22:54.939  2177  2177 I vendor.qti.hardware.servicetrackeraidl-service: total connections for client : com.google.android.googlequicksearchbox:googleappare :4
06-13 02:22:54.940  3162  6913 D Dragonite: acquire handle 96
06-13 02:22:54.940  3162  3586 D Dragonite: sceneId = 1, pid = 4354, packageName = com.nothing.launcher, duration = 60000, params = null
06-13 02:22:54.940  4354  4354 I AIWidgetAIWidgetController: setWidgetsTouchable last=true, new=false, reason=NTDragLayer FloatingView isAdd=true, force=false
06-13 02:22:54.671  2082  2082 I [binder][0x43da5643d6c][00:22:54.940373] qca6750: [2082:I:HDD] __wlan_hdd_cfg80211_get_logger_supp_feature: Ring buffer disable
06-13 02:22:54.941  3162  3698 I HalDevMgr: bestIfaceCreationProposal is null, requestIface=STA, existingIface=[name=wlan0 type=STA]
06-13 02:22:54.941  3162  5528 D NtSmartWifiMonitor: get rssi = -41, frequecy=5280, datastall=0, current state=6
06-13 02:22:54.941  3162  5528 D NtSmartWifiMonitor: 5G Wifi rssi queue: sufficient rssi=-70[-40, -40, -41]
06-13 02:22:54.941  3162  4990 D NtSmartWifi: handleMessage EVENT_LINK_QUALITY_CHANGED ...
06-13 02:22:54.941  3162  4990 D NtSmartWifi: enableSufficientCheckWhenScreenOn, true,  mSmartWifiEnabled=true, screenOn= true
06-13 02:22:54.942  4354  4354 I NT-AIWidgetAIWidgetController: updateWidgetSurfaceZ com.nothing.aiwidget.features.widget.ui.plugin.RemoteSurfaceView{8f568e3 V.E...... .......D 21,21-779,379 #7f0a0059 app:id/ai_widget_container} z=-2
06-13 02:22:54.942  4354  4354 I NT-AIWidgetAIWidgetController: updateWidgetSurfaceZ com.nothing.aiwidget.features.widget.ui.plugin.RemoteSurfaceView{90502e0 V.E...... .......D 21,21-379,379 #7f0a0059 app:id/ai_widget_container} z=-2
06-13 02:22:54.943  4354  4354 D AIWidgetView_RemoteSurface: isSurfaceViewShowing: true.
06-13 02:22:54.943 18313 18313 I Module  : DeviceLockedStatusModuleProvider$Module.updateDeviceLockedStatusInternal():127 repeatCheckTimes = 0, locked = false
06-13 02:22:54.943  4354  4354 D AIWidgetView_RemoteSurface: isSurfaceViewShowing: true.
06-13 02:22:54.944 18313 18313 I GoogleInputMethodService: GoogleInputMethodService.onStartInput():1446 onStartInput(EditorInfo{EditorInfo{packageName=com.nothing.launcher, inputType=80001, inputTypeString=Normal[NoSuggestion], enableLearning=true, autoCorrection=true, autoComplete=true, imeOptions=10000003, privateImeOptions=null, actionName=SEARCH, actionLabel=null, initialSelStart=-1, initialSelEnd=-1, initialCapsMode=0, label=null, fieldId=0, fieldName=null, extras=null, hintText=null, hintLocales=[]}}, false)
06-13 02:22:54.944 18313 18313 I AndroidIME: LatinIMEBase.updateInputViewCoverNavigation():321 Update input view padding, isNavbarOverInputWindow=true, bottom inset=126
06-13 02:22:54.945  4354  4354 D b/311077782: LauncherAnimationRunner.setAnimation
06-13 02:22:54.945 18313 18313 I Module  : DeviceLockedStatusModuleProvider$Module.updateDeviceLockedStatusInternal():127 repeatCheckTimes = 1, locked = false
06-13 02:22:54.946  4354  4483 W HWUI    : Image decoding logging dropped!
06-13 02:22:54.946  3162  6670 W PackageConfigPersister: App-specific configuration not found for packageName: com.nothing.launcher and userId: 0
06-13 02:22:54.948  4354  4354 D AIWidgetView_RemoteSurface: isSurfaceViewShowing: true.
06-13 02:22:54.948  4354  4354 D AIWidgetView_RemoteSurface: isSurfaceViewShowing: true.
06-13 02:22:54.950  4354  4481 I NT-WPOffsetInterpolator: setWallpaperOffsets mCurrentOffset = 0.0
06-13 02:22:54.953  3162  3219 D NtPerfTraceManagerImpl: packageName = com.nothing.launcher, taskId = 20679
06-13 02:22:54.955  3162  3564 W ParceledListSlice: Element #109 is 20876 bytes.
06-13 02:22:54.961  4354  4483 I NT-QuickstepModelDelegate: handleUpdate: no diff for -102
06-13 02:22:54.963  4354  4354 D AIWidgetView_RemoteSurface: isSurfaceViewShowing: true.
06-13 02:22:54.963  4354  4354 D AIWidgetView_RemoteSurface: isSurfaceViewShowing: true.
06-13 02:22:54.964  3954  4060 W WindowOnBackDispatcher: sendCancelIfRunning: isInProgress=false callback=android.view.ViewRootImpl$$ExternalSyntheticLambda13@58cec79
06-13 02:22:54.967  3162  3776 W WindowManager: Failed looking up window session=Session{c017268 3954:u0a10216} callers=com.android.server.wm.WindowManagerService.windowForClientLocked:6614 com.android.server.wm.Session.setOnBackInvokedCallbackInfo:1020 android.view.IWindowSession$Stub.onTransact:1200 
06-13 02:22:54.967  3162  3776 I WindowManager: setOnBackInvokedCallback(): No window state for package:com.android.systemui
06-13 02:22:54.967  3162  6586 D OomAdjuster: process : com.android.systemui, pid = 3954, isTop = false, uid = 10216, hasActivity = false
