--------- beginning of main
06-13 02:22:52.803  2110  7225 E QLM-Client-Lib: QLM-Lib-Client:do_common_listen:connect failure, err:13, path:/dev/socket/qlm_service
06-13 02:22:52.803  2110  2110 W pmCoreThread: type=1400 audit(0.0:338776012): avc:  denied  { write } for  name="qlm_service" dev="tmpfs" ino=1644 scontext=u:r:vendor_hal_poweroptservice_qti:s0 tcontext=u:object_r:vendor_qlm_socket:s0 tclass=sock_file permissive=0
06-13 02:22:52.923  2467  4527 D StNfcHal: (#06B7D) Rx 6f 02 27 (hidden)
06-13 02:22:52.924  2467  4526 D StNfcHal: HalStopTimer 
06-13 02:22:53.231  2467  4527 D StNfcHal: (#06B7E) Rx 6f 02 0f (hidden)
06-13 02:22:53.233  2467  4526 D StNfcHal: HalStopTimer 
06-13 02:22:53.484  2467  4527 D StNfcHal: (#06B7F) Rx 6f 02 27 (hidden)
06-13 02:22:53.484  2467  4526 D StNfcHal: HalStopTimer 
06-13 02:22:53.790  2467  4527 D StNfcHal: (#06B80) Rx 6f 02 0f (hidden)
06-13 02:22:53.791  2467  4526 D StNfcHal: HalStopTimer 
06-13 02:22:53.856  2813  2813 I adbd    : adbd service requested 'shell,v2,TERM=xterm-256color,raw:monkey -p com.anonymous.MyNewAppClean -c android.intent.category.LAUNCHER 1'
--------- beginning of kernel
06-13 02:22:53.621  2592  2592 E [binder][0x43da430bc4e][00:22:53.890758] qca6750: [2592:E:DP] dp_request_rx_hw_stats: Stats already requested
06-13 02:22:53.621  2592  2592 E [binder][0x43da430c028][00:22:53.890810] qca6750: [2592:E:HDD] __wlan_hdd_cfg80211_stats_ext_request: Failed to get hw stats: 6
06-13 02:22:53.621 15463 15463 I [kworke][0x43da430dc78][00:22:53.891187] qca6750: [15463:I:PMO] pmo_core_psoc_send_host_wakeup_ind_to_fw: Host wakeup indication sent to fw
06-13 02:22:53.912  2647  2647 I cnss-daemon: nl80211 response handler invoked
06-13 02:22:53.912  2647  2647 I cnss-daemon: nl80211_response_handler: cmd 103, vendorID 4980, subcmd 13  received
06-13 02:22:53.912  2082  3840 I WifiHAL : event received NL80211_CMD_VENDOR, vendor_id = 0x1374, subcmd = 0xd
06-13 02:22:54.045  2467  4527 D StNfcHal: (#06B81) Rx 6f 02 27 (hidden)
06-13 02:22:54.045  2467  4526 D StNfcHal: HalStopTimer 
06-13 02:22:54.174 30228 30228 D AndroidRuntime: >>>>>> START com.android.internal.os.RuntimeInit uid 2000 <<<<<<
06-13 02:22:54.198 30228 30228 I AndroidRuntime: Using default boot image
06-13 02:22:54.199 30228 30228 I AndroidRuntime: Leaving lock profiling enabled
06-13 02:22:54.208 30228 30228 I app_process: Using generational CollectorTypeCMC GC.
06-13 02:22:54.351  2467  4527 D StNfcHal: (#06B82) Rx 6f 02 0f (hidden)
06-13 02:22:54.351  2467  4526 D StNfcHal: HalStopTimer 
06-13 02:22:54.371 30228 30228 D nativeloader: InitDefaultPublicLibraries for_preload=1: libandroid.so:libaaudio.so:libamidi.so:libbinder_ndk.so:libc.so:libcamera2ndk.so:libdl.so:libEGL.so:libGLESv1_CM.so:libGLESv2.so:libGLESv3.so:libicu.so:libicui18n.so:libicuuc.so:libjnigraphics.so:liblog.so:libmediandk.so:libm.so:libnativehelper.so:libnativewindow.so:libOpenMAXAL.so:libOpenSLES.so:libRS.so:libstdc++.so:libsync.so:libvulkan.so:libwebviewchromium_plat_support.so:libz.so:libofflineproc_jni.so
06-13 02:22:54.398 30228 30228 D nativeloader: Load libicu_jni.so using APEX ns com_android_art for caller /apex/com.android.art/javalib/core-oj.jar: ok
06-13 02:22:54.398 30228 30228 D app_process: u_setTimeZoneFilesDirectory("/apex/com.android.tzdata/etc/tz/versioned/9/icu") succeeded. 
06-13 02:22:54.398 30228 30228 D app_process: I18n APEX ICU file found: /apex/com.android.i18n/etc/icu/icudt76l.dat
06-13 02:22:54.410 30228 30228 D nativeloader: Load libjavacore.so using APEX ns com_android_art for caller /apex/com.android.art/javalib/core-oj.jar: ok
06-13 02:22:54.414 30228 30228 D nativeloader: Load libopenjdk.so using APEX ns com_android_art for caller /apex/com.android.art/javalib/core-oj.jar: ok
06-13 02:22:54.417 30228 30228 I app_process: Priority-to-niceness mapping: 19, 16, 13, 10, 0, -2, -4, -5, -6, -8
06-13 02:22:54.521 30228 30228 D nativeloader: Load libframework-connectivity-tiramisu-jni.so using APEX ns com_android_tethering for caller /apex/com.android.tethering/javalib/framework-connectivity-t.jar: ok
06-13 02:22:54.522 30228 30228 D AndroidRuntime: Calling main entry com.android.commands.monkey.Monkey
06-13 02:22:54.526 30228 30228 D nativeloader: Load /system/lib64/libmonkey_jni.so using ns default for caller /system/framework/monkey.jar in same partition (is_bridged=0): ok
06-13 02:22:54.530 30228 30228 W Monkey  : args: [-p, com.anonymous.MyNewAppClean, -c, android.intent.category.LAUNCHER, 1]
06-13 02:22:54.541 30228 30228 W PlatformAconfigPackage: android.os.flagging.AconfigStorageReadException: ERROR_CANNOT_READ_STORAGE_FILE: Fail to mmap storage
06-13 02:22:54.542 30228 30228 I AconfigPackage: com.android.cellbroadcastreceiver.flags is mapped to com.android.cellbroadcast
06-13 02:22:54.543 30228 30228 I AconfigPackage: android.os.profiling is mapped to com.android.profiling
06-13 02:22:54.544 30228 30228 I AconfigPackage: com.android.ipsec.flags is mapped to com.android.ipsec
06-13 02:22:54.544 30228 30228 I AconfigPackage: com.android.org.conscrypt.flags is mapped to com.android.conscrypt
06-13 02:22:54.544 30228 30228 I AconfigPackage: com.android.org.conscrypt.net.flags is mapped to com.android.conscrypt
06-13 02:22:54.545 30228 30228 I AconfigPackage: com.android.rkpd.flags is mapped to com.android.rkpd
06-13 02:22:54.546 30228 30228 I AconfigPackage: android.provider.flags is mapped to com.android.configinfrastructure
06-13 02:22:54.546 30228 30228 I AconfigPackage: com.android.server.deviceconfig is mapped to com.android.configinfrastructure
06-13 02:22:54.547 30228 30228 I AconfigPackage: android.uprobestats.mainline.flags is mapped to com.android.uprobestats
06-13 02:22:54.548 30228 30228 I AconfigPackage: com.android.uwb.flags is mapped to com.android.uwb
06-13 02:22:54.548 30228 30228 I AconfigPackage: com.android.ranging.flags is mapped to com.android.uwb
06-13 02:22:54.549 30228 30228 I AconfigPackage: com.android.wifi.flags is mapped to com.android.wifi
06-13 02:22:54.550 30228 30228 I AconfigPackage: com.android.nfc.module.flags is mapped to com.android.nfcservices
06-13 02:22:54.551 30228 30228 I AconfigPackage: android.graphics.pdf.flags is mapped to com.android.mediaprovider
06-13 02:22:54.551 30228 30228 I AconfigPackage: com.android.providers.media.flags is mapped to com.android.mediaprovider
06-13 02:22:54.551 30228 30228 I AconfigPackage: android.graphics.pdf.flags.readonly is mapped to com.android.mediaprovider
06-13 02:22:54.551 30228 30228 I AconfigPackage: com.android.tethering.mainline.beta is mapped to com.android.tethering
06-13 02:22:54.551 30228 30228 I AconfigPackage: android.net.http is mapped to com.android.tethering
06-13 02:22:54.551 30228 30228 I AconfigPackage: com.android.tethering.readonly.flags is mapped to com.android.tethering
06-13 02:22:54.551 30228 30228 I AconfigPackage: android.net.vcn is mapped to com.android.tethering
06-13 02:22:54.551 30228 30228 I AconfigPackage: com.android.net.flags is mapped to com.android.tethering
06-13 02:22:54.551 30228 30228 I AconfigPackage: com.android.tethering.flags is mapped to com.android.tethering
06-13 02:22:54.552 30228 30228 I AconfigPackage: com.android.tethering.beta.test is mapped to com.android.tethering
06-13 02:22:54.552 30228 30228 I AconfigPackage: com.android.nearby.flags is mapped to com.android.tethering
06-13 02:22:54.552 30228 30228 I AconfigPackage: com.android.net.thread.flags is mapped to com.android.tethering
06-13 02:22:54.552 30228 30228 I AconfigPackage: com.android.net.ct.flags is mapped to com.android.tethering
06-13 02:22:54.552 30228 30228 I AconfigPackage: com.android.adservices.ondevicepersonalization.flags is mapped to com.android.ondevicepersonalization
06-13 02:22:54.553 30228 30228 I AconfigPackage: com.android.adservices.flags is mapped to com.android.adservices
06-13 02:22:54.553 30228 30228 I AconfigPackage: com.android.sdksandbox.flags is mapped to com.android.adservices
06-13 02:22:54.554 30228 30228 I AconfigPackage: com.android.media.extractor.flags is mapped to com.android.media
06-13 02:22:54.554 30228 30228 I AconfigPackage: com.android.media.metrics.flags is mapped to com.android.media
06-13 02:22:54.554 30228 30228 I AconfigPackage: com.android.media.mainline.flags is mapped to com.android.media
06-13 02:22:54.555 30228 30228 I AconfigPackage: com.android.os.statsd.flags is mapped to com.android.os.statsd
06-13 02:22:54.556 30228 30228 I AconfigPackage: com.android.healthfitness.flags is mapped to com.android.healthfitness
06-13 02:22:54.557 30228 30228 I AconfigPackage: android.media.swcodec.flags is mapped to com.android.media.swcodec
06-13 02:22:54.557 30228 30228 I AconfigPackage: com.android.permission.flags is mapped to com.android.permission
06-13 02:22:54.557 30228 30228 I AconfigPackage: com.android.permissioncontroller.flags is mapped to com.android.permission
06-13 02:22:54.558 30228 30228 I AconfigPackage: com.android.art.flags is mapped to com.android.art
06-13 02:22:54.558 30228 30228 I AconfigPackage: com.android.art.rw.flags is mapped to com.android.art
06-13 02:22:54.558 30228 30228 I AconfigPackage: com.android.libcore is mapped to com.android.art
06-13 02:22:54.559 30228 30228 I AconfigPackage: com.android.appsearch.flags is mapped to com.android.appsearch
06-13 02:22:54.560 30228 30228 I AconfigPackage: com.android.bluetooth.flags is mapped to com.android.bt
06-13 02:22:54.561 30228 30228 I AconfigPackage: com.android.devicelock.flags is mapped to com.android.devicelock
06-13 02:22:54.561 30228 30228 I AconfigPackage: com.android.system.virtualmachine.flags is mapped to com.android.virt
06-13 02:22:54.562 30228 30228 I AconfigPackage: com.android.icu is mapped to com.android.i18n
06-13 02:22:54.563 30228 30228 I AconfigPackage: com.android.adbd.flags is mapped to com.android.adbd
06-13 02:22:54.563 30228 30228 E FeatureFlagsImplExport: android.os.flagging.AconfigStorageReadException: ERROR_PACKAGE_NOT_FOUND: package android.xr cannot be found on the device
06-13 02:22:54.566 30228 30228 W libc    : Access denied finding property "qemu.sf.lcd_density"
06-13 02:22:54.566 30228 30228 W libc    : Access denied finding property "qemu.sf.lcd_density"
06-13 02:22:54.563 30228 30228 W commands.monkey: type=1400 audit(0.0:338776013): avc:  denied  { read } for  name="u:object_r:qemu_sf_lcd_density_prop:s0" dev="tmpfs" ino=358 scontext=u:r:shell:s0 tcontext=u:object_r:qemu_sf_lcd_density_prop:s0 tclass=file permissive=0
06-13 02:22:54.563 30228 30228 W commands.monkey: type=1400 audit(0.0:338776014): avc:  denied  { read } for  name="u:object_r:qemu_sf_lcd_density_prop:s0" dev="tmpfs" ino=358 scontext=u:r:shell:s0 tcontext=u:object_r:qemu_sf_lcd_density_prop:s0 tclass=file permissive=0
06-13 02:22:54.301 30228 30228 I input   : Monkey touch as /devices/virtual/input/input7
06-13 02:22:54.574 30228 30228 W Monkey  :  arg: "-p"
06-13 02:22:54.574 30228 30228 W Monkey  :  arg: "com.anonymous.MyNewAppClean"
06-13 02:22:54.574 30228 30228 W Monkey  :  arg: "-c"
06-13 02:22:54.574 30228 30228 W Monkey  :  arg: "android.intent.category.LAUNCHER"
06-13 02:22:54.574 30228 30228 W Monkey  :  arg: "1"
06-13 02:22:54.575 30228 30228 W Monkey  : data="com.anonymous.MyNewAppClean"
06-13 02:22:54.575 30228 30228 W Monkey  : data="android.intent.category.LAUNCHER"
06-13 02:22:54.605  2467  4527 D StNfcHal: (#06B83) Rx 6f 02 27 (hidden)
06-13 02:22:54.605  2467  4526 D StNfcHal: HalStopTimer 
06-13 02:22:54.607  3162  3620 D EventHub: No input device configuration file found for device 'Monkey touch'.
06-13 02:22:54.610  3162  3620 I EventHub: usingClockIoctl=true
06-13 02:22:54.611  3162  3620 I EventHub: New device: id=8, fd=448, path='/dev/input/event7', name='Monkey touch', classes=TOUCH | TOUCH_MT, configuration='', keyLayout='', keyCharacterMap='', builtinKeyboard=false, 
06-13 02:22:54.620  3162  3620 I InputReader: Device reconfigured: id=8, name='Monkey touch', size 1080x2392, orientation Rotation0, mode DIRECT, display id 0
06-13 02:22:54.620  3162  3620 I InputReader: Device added: id=8, eventHubId=8, name='Monkey touch', descriptor='e1fe28b90f915c7d1febbd52c1ef84b3c4cbed9f',sources=TOUCHSCREEN
--------- beginning of system
06-13 02:22:54.642  3162  3562 W ActivityManager: registerReceiverWithFeature: no app for null
06-13 02:22:54.649  3162  3562 W ParceledListSlice: Element #109 is 20916 bytes.
06-13 02:22:54.658  3162  3562 D NtDualAppsServiceImpl: overrideRequestIfNeeded: skip chooser because caller is null and requestCode is 0
06-13 02:22:54.658  3162  3562 W ActivityTaskManager: callingPackage for (uid=2000, pid=30228) has no WPC
06-13 02:22:54.659   855   855 I hwservicemanager: getTransport: Cannot find entry vendor.qti.hardware.servicetracker@1.2::IServicetracker/default in either framework or device VINTF manifest.
06-13 02:22:54.660  3162  3562 W ActivityTaskManager: servicetracker HIDL not available
06-13 02:22:54.660  3162  3562 E ActivityTaskManager: Unable to get servicetracker HAL instance
06-13 02:22:54.660   855   855 I hwservicemanager: getTransport: Cannot find entry vendor.qti.hardware.servicetracker@1.2::IServicetracker/default in either framework or device VINTF manifest.
06-13 02:22:54.660  3162  3562 W ActivityTaskManager: servicetracker HIDL not available
06-13 02:22:54.660  3162  3562 E ActivityTaskManager: Unable to get servicetracker HAL instance
06-13 02:22:54.660  3162  3562 V GrammaticalInflectionUtils: AttributionSource: android.content.AttributionSource@61ee7a14 does not have READ_SYSTEM_GRAMMATICAL_GENDER permission.
06-13 02:22:54.661  3162  3562 W OptProp : Cannot read opt property android.window.PROPERTY_COMPAT_ALLOW_RESIZEABLE_ACTIVITY_OVERRIDES
06-13 02:22:54.661  3162  3562 W OptProp : Cannot read opt property android.window.PROPERTY_COMPAT_ALLOW_MIN_ASPECT_RATIO_OVERRIDE
06-13 02:22:54.666  3162  3562 V NtGameModeImpl: onAppFocusChanged: pkg=com.nothing.launcher, uid=10214, category=-1, launchMode= 1
06-13 02:22:54.666  3162  3562 D NtTaskWindowSurfaceInfo: PopUpView: onWindowingModeChanged 0->1 mTask=Task{73b699b #21099 type=standard}
06-13 02:22:54.666  2176  2267 E ANDR-PERF-UTIL: ANDR-PERF-UTIL: save_node_val() 366: Failed to read /sys/class/mmc_host/mmc0/clk_scaling/enable
06-13 02:22:54.667  2176  2267 E ANDR-PERF-OPTSHANDLER: ANDR-PERF-OPTSHANDLER: modify_sysfsnode() 1094: Failed to read /sys/class/mmc_host/mmc0/clk_scaling/enable
06-13 02:22:54.667  2176  2267 E ANDR-PERF-RESOURCEQS: ANDR-PERF-RESOURCEQS: AddAndApply() 167: Failed to apply optimization [11, 4]
06-13 02:22:54.669  2176  2267 E ANDR-PERF-RESOURCEQS: ANDR-PERF-RESOURCEQS: AddAndApply() 131: Resource value ffffffff is not supported
06-13 02:22:54.669  3162  3562 W OptProp : Cannot read opt property android.window.PROPERTY_COMPAT_ALLOW_ORIENTATION_OVERRIDE
06-13 02:22:54.672  3162  3562 D ActivityTrigger: ActivityTrigger activityPauseTrigger 
06-13 02:22:54.672  2110  2204 I ANDR-PWR-OPT: GAMEPOWEROPT: sendEvents() 232: Start hint for app com.anonymous.MyNewAppClean/com.anonymous.MyNewAppClean.MainActivity/1, hintID : 4099, hintID hex : 1003 value: -1
06-13 02:22:54.672  2110  2204 I ANDR-PWR-OPT: PowerAppClassifier: getAppType() 59: checking app [com.anonymous.MyNewAppClean] is type 1
06-13 02:22:54.672  2110  2204 I ANDR-PWR-OPT: GAMEPOWEROPT: isGame() 355: com.anonymous.MyNewAppClean is Game = 1
06-13 02:22:54.672   855   855 I hwservicemanager: getTransport: Cannot find entry vendor.qti.hardware.servicetracker@1.2::IServicetracker/default in either framework or device VINTF manifest.
06-13 02:22:54.673  2110  2204 I ANDR-PWR-OPT: GAMEPOWEROPT: sendEvents() 232: Start hint for app com.nothing.launcher/com.android.searchlauncher.SearchLauncher/40018016, hintID : 4100, hintID hex : 1004 value: -1
06-13 02:22:54.673  2110  2204 I ANDR-PWR-OPT: PowerAppClassifier: getAppType() 59: checking app [com.nothing.launcher] is type 1
06-13 02:22:54.673  2110  2204 I ANDR-PWR-OPT: GAMEPOWEROPT: isGame() 355: com.nothing.launcher is Game = 1
06-13 02:22:54.673  3162  3562 W ActivityTaskManager: servicetracker HIDL not available
06-13 02:22:54.673  3162  3562 E ActivityTaskManager: Unable to get servicetracker HAL instance
06-13 02:22:54.676  3954  4047 V WindowManagerShell: Transition requested (#2917): android.os.BinderProxy@f78053c TransitionRequestInfo { type = OPEN, triggerTask = TaskInfo{userId=0 taskId=21099 effectiveUid=10438 displayId=0 isRunning=true baseIntent=Intent { act=android.intent.action.MAIN cat=[android.intent.category.LAUNCHER] flg=0x10200000 cmp=com.anonymous.MyNewAppClean/.MainActivity } baseActivity=ComponentInfo{com.anonymous.MyNewAppClean/com.anonymous.MyNewAppClean.MainActivity} topActivity=ComponentInfo{com.anonymous.MyNewAppClean/com.anonymous.MyNewAppClean.MainActivity} origActivity=null realActivity=ComponentInfo{com.anonymous.MyNewAppClean/com.anonymous.MyNewAppClean.MainActivity} numActivities=1 lastActiveTime=242851203 supportsMultiWindow=true resizeMode=1 isResizeable=true minWidth=-1 minHeight=-1 defaultMinSize=220 token=WCT{android.window.IWindowContainerToken$Stub$Proxy@1ab2c5} topActivityType=1 pictureInPictureParams=null shouldDockBigOverlays=false launchIntoPipHostTaskId=-1 lastParentTaskIdBeforePip=-1 displayCutoutSafeInsets=Rect(0, 126 - 0, 0) topActivityInfo=ActivityInfo{734541a com.anonymous.MyNewAppClean.MainActivity} launchCookies=[] positionInParent=Point(0, 0) parentTaskId=-1 isFocused=false isVisible=false isVisibleRequested=false isTopActivityNoDisplay=false isSleeping=false locusId=null displayAreaFeatureId=1 isTopActivityTransparent=false isActivityStackTransparent=false lastNonFullscreenBounds=Rect(276, 687 - 805, 1767) capturedLink=null capturedLinkTimestamp=0 requestedVisibleTypes=-9 topActivityRequestOpenInBrowserEducationTimestamp=0 appCompatTaskInfo=AppCompatTaskInfo { topActivityInSizeCompat=false eligibleForLetterboxEducation= false isLetterboxEducationEnabled= false isLetterboxDoubleTapEnabled= false eligibleForUserAspectRatioButton= false topActivityBoundsLetterboxed= false isFromLetterboxDoubleTap= false topActivityLetterboxVerticalPosition= -1 topActivityLetterboxHorizontalPosition= -1 topActivityLetterboxWidth=-1 topActivityLetterboxHeight=-1 topActivityAppBounds=Rect(0, 0 - 1080, 2392) isUserFullscreenOverrideEnabled=false isSystemFullscreenOverrideEnabled=false hasMinAspectRatioOverride=false topActivityLetterboxBounds=null cameraCompatTaskInfo=CameraCompatTaskInfo { freeformCameraCompatMode=inactive}} topActivityMainWindowFrame=null}, pipChange = null, remoteTransition = null, displayChange = null, flags = 0, debugId = 2917 }
06-13 02:22:54.677  3162  3562 I ActivityTaskManager: START u0 {act=android.intent.action.MAIN cat=[android.intent.category.LAUNCHER] flg=0x10200000 cmp=com.anonymous.MyNewAppClean/.MainActivity} with LAUNCH_SINGLE_TASK from uid 2000 pid 30228 (BAL_ALLOW_PERMISSION) result code=0
06-13 02:22:54.677  2233  2408 I BpBinder: onLastStrongRef automatically unlinking death recipients: 
06-13 02:22:54.677  3954  4047 D ShellSplitScreen: logExit: no-op, mLoggerSessionId is null
06-13 02:22:54.677  3162  3262 D BrightnessThermalClamper: Thermal status observer already started
06-13 02:22:54.677  3162  3233 D OomAdjuster: set group = 5
06-13 02:22:54.677  3162  3233 D OomAdjuster: set cpuset: 5
06-13 02:22:54.680  4354  4354 I NT-AIWidgetAIWidgetInputMonitor: Lifecycle onStateChanged event=ON_PAUSE
06-13 02:22:54.680  4354  4354 I NT-AIWidgetAIWidgetController: Lifecycle onStateChanged event=ON_PAUSE
06-13 02:22:54.680   855   855 I hwservicemanager: getTransport: Cannot find entry vendor.qti.hardware.servicetracker@1.1::IServicetracker/default in either framework or device VINTF manifest.
06-13 02:22:54.681  4354  4354 W SplitSelectStateCtor: Missing session instanceIds
06-13 02:22:54.681  4354  4354 D StatsLog: LAUNCHER_SPLIT_SELECTION_EXIT_INTERRUPTED
06-13 02:22:54.682  3954  4047 D WindowManagerShell: setLauncherKeepClearAreaHeight: visible=false, height=434
06-13 02:22:54.683  3162  3219 V GrammaticalInflectionUtils: AttributionSource: android.content.AttributionSource@61ee7a14 does not have READ_SYSTEM_GRAMMATICAL_GENDER permission.
06-13 02:22:54.686  3954  4061 W HWUI    : Image decoding logging dropped!
06-13 02:22:54.688  3935  7047 W PopUpWinSceneDetector: Malformat: no colon symbol ':', so discard it.
06-13 02:22:54.688  3935  7047 W PopUpWinSceneDetector: PopUpWinEvent format is wrong! Ignore it
06-13 02:22:54.690  2221  8558 V AudioFlinger: setParameters(): io 0, keyvalue screen_state=on, calling pid 3162 calling uid 1000
06-13 02:22:54.691  4325 27306 W DynamicDDSService: appName is running in background.com.nothing.launcher
06-13 02:22:54.691  4325  4401 I DynamicDDSService: handleMessage(ACTIVITY_INVOKE{appInfo=com.anonymous.MyNewAppClean isFullScreen=}true)
06-13 02:22:54.693 30228 30228 I Monkey  : Events injected: 1
06-13 02:22:54.694   855   855 I hwservicemanager: getTransport: Cannot find entry vendor.qti.hardware.servicetracker@1.0::IServicetracker/default in either framework or device VINTF manifest.
06-13 02:22:54.694  2176  5439 E ANDR-PERF-LM: DependentServices: getSTServiceAndLinkToDeath() 66: IServicetracker::getService failed!
06-13 02:22:54.696   855   855 I hwservicemanager: getTransport: Cannot find entry vendor.qti.hardware.servicetracker@1.2::IServicetracker/default in either framework or device VINTF manifest.
06-13 02:22:54.696  2233  2233 I BpBinder: onLastStrongRef automatically unlinking death recipients: 
06-13 02:22:54.698  3162  6652 W ActivityTaskManager: servicetracker HIDL not available
06-13 02:22:54.699  3162  6652 E ActivityTaskManager: Unable to get servicetracker HAL instance
06-13 02:22:54.700  3162  6652 D NtMemoryManager: mIsHighPressureScene: false : com.anonymous.MyNewAppClean
06-13 02:22:54.700  3162  6652 D NtProcessManager: Top app: com.anonymous.MyNewAppClean
06-13 02:22:54.700  3162  3786 D BackgroundInstallControlService: Package event received: 0
06-13 02:22:54.701  2110  2204 I ANDR-PWR-OPT: GAMEPOWEROPT: sendEvents() 232: Start hint for app com.anonymous.MyNewAppClean/com.anonymous.MyNewAppClean.MainActivity/1, hintID : 4099, hintID hex : 1003 value: -1
06-13 02:22:54.701  2110  2204 I ANDR-PWR-OPT: PowerAppClassifier: getAppType() 59: checking app [com.anonymous.MyNewAppClean] is type 1
06-13 02:22:54.701  2110  2204 I ANDR-PWR-OPT: GAMEPOWEROPT: isGame() 355: com.anonymous.MyNewAppClean is Game = 1
06-13 02:22:54.702  2221  8558 V AudioFlinger: setParameters: filtered keyvalue screen_state=on
06-13 02:22:54.702  4288  4288 D QtiLinkBandwidthEstimator-0: handleMessage: 1
06-13 02:22:54.703  4288  4288 D QtiLinkBandwidthEstimator-1: handleMessage: 1
06-13 02:22:54.704  4354  4354 I NT-TopTaskTracker: Call back onTaskMovedToFront taskId = 21099
06-13 02:22:54.704  4354  4497 I NT-AppEventTracker: Begin non-home task duration timing:TaskDuration(taskId=21099, pkgName=com.anonymous.MyNewAppClean, userId=UserHandle{0}, beginTime=1781310174704, endTime=0, windowType=1, duration=0, state=2)
06-13 02:22:54.704  1940  1940 D Zygote  : Forked child process 30255
06-13 02:22:54.706 18313 18313 I PkDeviceHelper: PkDeviceHelper.refreshDevices():87 refreshing devices
06-13 02:22:54.706  3162 30256 W ContextImpl: Calling a method in the system process without a qualified user: android.app.ContextImpl.sendBroadcast:1269 com.qualcomm.qti.Performance$SendGameLaunchBroadcast.run:292 java.lang.Thread.run:1572 <bottom of call stack> <bottom of call stack> 
06-13 02:22:54.707  3162  3226 I ActivityManager: Start proc 30255:com.anonymous.MyNewAppClean/u0a438 for next-top-activity {com.anonymous.MyNewAppClean/com.anonymous.MyNewAppClean.MainActivity}
06-13 02:22:54.709  3162  6917 D CoreBackPreview: Window{158e4 u0 Splash Screen com.anonymous.MyNewAppClean}: Setting back callback OnBackInvokedCallbackInfo{mCallback=android.window.IOnBackInvokedCallback$Stub$Proxy@c2ab402, mPriority=0, mIsAnimationCallback=false, mOverrideBehavior=0}
06-13 02:22:54.711  3162  3226 I ActivityManager: ProcessObserver broadcast disabled
06-13 02:22:54.711  3162  3226 D MemoryStatusReporter: com.anonymous.MyNewAppClean is UI Cold Start
06-13 02:22:54.711  3954  3954 D AuthRippleControllerEx: updateOrientationEventListener canDetectOrientation:true isRotationLocked:false isKeyguardShow:false
06-13 02:22:54.716  3162  3219 W ProcessStats: Tracking association SourceState{5a96347 system/1000 BFgs #434482} whose proc state 4 is better than process ProcessState{eac1664 com.nothing.wallpaper:Atmosphere/10212 pkg=com.nothing.wallpaper} proc state 5 (6 skipped)
06-13 02:22:54.716  5378  5451 V OsAgent : broadcastSystemEvent - 7
06-13 02:22:54.717 30228 30228 I Monkey  : ## Network stats: elapsed time=58ms (0ms mobile, 0ms wifi, 58ms not connected)
06-13 02:22:54.718  3954  4060 D NtViewRootImpl: mPopUpViewOffsets: offset=(0.0, 0.0), scale=(1.0, 1.0)
06-13 02:22:54.721  2037  3017 D AHAL: AudioDevice: SetParameters: 1536: enter: screen_state=on
06-13 02:22:54.723 30255 30255 I s.MyNewAppClean: Using generational CollectorTypeCMC GC.
06-13 02:22:54.724  3954  3954 D AuthRippleControllerEx: updateOrientationEventListener canDetectOrientation:true isRotationLocked:false isKeyguardShow:false
06-13 02:22:54.724  2037  3017 D AHAL: AudioVoice: VoiceSetParameters: 121: Enter params: screen_state=on
06-13 02:22:54.724  2037  3017 D AHAL: AudioVoice: VoiceSetParameters: 377: Exit ret: 0
06-13 02:22:54.726  2037  3017 D AHAL: hfp: hfp_set_parameters: 444: enter
06-13 02:22:54.728 30228 30228 I app_process: System.exit called, status: 0
06-13 02:22:54.728 30228 30228 I AndroidRuntime: VM exiting with result code 0.
06-13 02:22:54.729  3954  3954 D AuthRippleControllerEx: updateOrientationEventListener canDetectOrientation:true isRotationLocked:false isKeyguardShow:false
06-13 02:22:54.730 22560 22582 W SQLiteLog: (28) double-quoted string literal: "com.anonymous.MyNewAppClean"
06-13 02:22:54.730  3954  4926 V WindowManagerShell: onTransitionReady(transaction=13580686782182)
06-13 02:22:54.731  3162  3216 V WindowManager: Sent Transition (#2917) createdAt=06-13 02:22:54.661 via request=TransitionRequestInfo { type = OPEN, triggerTask = TaskInfo{userId=0 taskId=21099 effectiveUid=10438 displayId=0 isRunning=true baseIntent=Intent { act=android.intent.action.MAIN cat=[android.intent.category.LAUNCHER] flg=0x10200000 cmp=com.anonymous.MyNewAppClean/.MainActivity } baseActivity=ComponentInfo{com.anonymous.MyNewAppClean/com.anonymous.MyNewAppClean.MainActivity} topActivity=ComponentInfo{com.anonymous.MyNewAppClean/com.anonymous.MyNewAppClean.MainActivity} origActivity=null realActivity=ComponentInfo{com.anonymous.MyNewAppClean/com.anonymous.MyNewAppClean.MainActivity} numActivities=1 lastActiveTime=242851203 supportsMultiWindow=true resizeMode=1 isResizeable=true minWidth=-1 minHeight=-1 defaultMinSize=220 token=WCT{RemoteToken{605ef8b Task{73b699b #21099 type=standard A=10438:com.anonymous.MyNewAppClean}}} topActivityType=1 pictureInPictureParams=null shouldDockBigOverlays=false launchIntoPipHostTaskId=-1 lastParentTaskIdBeforePip=-1 displayCutoutSafeInsets=Rect(0, 126 - 0, 0) topActivityInfo=ActivityInfo{58868 com.anonymous.MyNewAppClean.MainActivity} launchCookies=[] positionInParent=Point(0, 0) parentTaskId=-1 isFocused=false isVisible=false isVisibleRequested=false isTopActivityNoDisplay=false isSleeping=false locusId=null displayAreaFeatureId=1 isTopActivityTransparent=false isActivityStackTransparent=false lastNonFullscreenBounds=Rect(276, 687 - 805, 1767) capturedLink=null capturedLinkTimestamp=0 requestedVisibleTypes=-9 topActivityRequestOpenInBrowserEducationTimestamp=0 appCompatTaskInfo=AppCompatTaskInfo { topActivityInSizeCompat=false eligibleForLetterboxEducation= false isLetterboxEducationEnabled= false isLetterboxDoubleTapEnabled= false eligibleForUserAspectRatioButton= false topActivityBoundsLetterboxed= false isFromLetterboxDoubleTap= false topActivityLetterboxVerticalPosition= -1 topActivityLetterboxHorizontalPosition= -1 topActivityLetterboxWidth=-1 topActivityLetterboxHeight=-1 topActivityAppBounds=Rect(0, 0 - 1080, 2392) isUserFullscreenOverrideEnabled=false isSystemFullscreenOverrideEnabled=false hasMinAspectRatioOverride=false topActivityLetterboxBounds=null cameraCompatTaskInfo=CameraCompatTaskInfo { freeformCameraCompatMode=inactive}} topActivityMainWindowFrame=null}, pipChange = null, remoteTransition = null, displayChange = null, flags = 0, debugId = 2917 }
06-13 02:22:54.731  3954  4047 V WindowManagerShell: onTransitionReady (#2917) android.os.BinderProxy@f78053c: {id=2917 t=OPEN f=0x0 trk=0 isSameTaskSwitch=false r=[0@Point(0, 0)] c=[
06-13 02:22:54.731  3954  4047 V WindowManagerShell:         {m=OPEN f=NONE leash=Surface(name=Task=21099)/@0x3263c58 sb=Rect(0, 0 - 1080, 2392) eb=Rect(0, 0 - 1080, 2392) epz=Point(1080, 2392) d=0 taskParent=-1 ntPopUpView={mIsTryEnterWindowingMode=false mIsEnterWindowingModeLandscape=false mIsChangingWindowformBounds=false mStartPos=Point(0, 0) mEndPos=Point(0, 0) mStartScale=0.0 mEndScale=0.0 mStartCornerRadius=0.0 mEndCornerRadius=0.0 mAppBounds=Rect(0, 0 - 0, 0) mWindowCrop=Rect(0, 0 - 0, 0) mStartDragOrChangingBounds=Rect(0, 0 - 0, 0) mEndDragOrChangingBounds=Rect(0, 0 - 0, 0) mBottomLeftCornerLeash=null mBottomRightCornerLeash=null mDragBarLeash=null mCornerHintSize=60x60 mDragBarSize=189x42}},
06-13 02:22:54.731  3954  4047 V WindowManagerShell:         {m=TO_BACK f=SHOW_WALLPAPER leash=Surface(name=Task=1)/@0x1bab1b1 sb=Rect(0, 0 - 1080, 2392) eb=Rect(0, 0 - 1080, 2392) epz=Point(1080, 2392) d=0 taskParent=-1 ntPopUpView={mIsTryEnterWindowingMode=false mIsEnterWindowingModeLandscape=false mIsChangingWindowformBounds=false mStartPos=Point(0, 0) mEndPos=Point(0, 0) mStartScale=0.0 mEndScale=0.0 mStartCornerRadius=0.0 mEndCornerRadius=0.0 mAppBounds=Rect(0, 0 - 0, 0) mWindowCrop=Rect(0, 0 - 0, 0) mStartDragOrChangingBounds=Rect(0, 0 - 0, 0) mEndDragOrChangingBounds=Rect(0, 0 - 0, 0) mBottomLeftCornerLeash=null mBottomRightCornerLeash=null mDragBarLeash=null mCornerHintSize=60x60 mDragBarSize=189x42}},
06-13 02:22:54.731  3954  4047 V WindowManagerShell:         {m=TO_BACK f=IS_WALLPAPER leash=Surface(name=WallpaperWindowToken{62483f0 showWhenLocked=false})/@0xe87c696 sb=Rect(0, 0 - 1080, 2392) eb=Rect(0, 0 - 1080, 2392) epz=Point(1080, 2392) d=0 ntPopUpView={mIsTryEnterWindowingMode=false mIsEnterWindowingModeLandscape=false mIsChangingWindowformBounds=false mStartPos=Point(0, 0) mEndPos=Point(0, 0) mStartScale=0.0 mEndScale=0.0 mStartCornerRadius=0.0 mEndCornerRadius=0.0 mAppBounds=Rect(0, 0 - 0, 0) mWindowCrop=Rect(0, 0 - 0, 0) mStartDragOrChangingBounds=Rect(0, 0 - 0, 0) mEndDragOrChangingBounds=Rect(0, 0 - 0, 0) mBottomLeftCornerLeash=null mBottomRightCornerLeash=null mDragBarLeash=null mCornerHintSize=0x0 mDragBarSize=0x0}}
06-13 02:22:54.731  3954  4047 V WindowManagerShell:     ]}
06-13 02:22:54.731  3954  3954 D AuthRippleControllerEx: updateOrientationEventListener canDetectOrientation:true isRotationLocked:false isKeyguardShow:false
06-13 02:22:54.732  3954  4047 V WindowManagerShell: Playing animation for (#2917) android.os.BinderProxy@f78053c@0
06-13 02:22:54.732  3954  4047 V ShellRecents: RecentsTransitionHandler.startAnimation: no controller found
06-13 02:22:54.732  3954  4047 V WindowManagerShell: Transition doesn't have explicit remote, search filters for match for {id=2917 t=OPEN f=0x0 trk=0 isSameTaskSwitch=false r=[0@Point(0, 0)] c=[{m=OPEN f=NONE leash=Surface(name=Task=21099)/@0x3263c58 sb=Rect(0, 0 - 1080, 2392) eb=Rect(0, 0 - 1080, 2392) epz=Point(1080, 2392) d=0 taskParent=-1 ntPopUpView={mIsTryEnterWindowingMode=false mIsEnterWindowingModeLandscape=false mIsChangingWindowformBounds=false mStartPos=Point(0, 0) mEndPos=Point(0, 0) mStartScale=0.0 mEndScale=0.0 mStartCornerRadius=0.0 mEndCornerRadius=0.0 mAppBounds=Rect(0, 0 - 0, 0) mWindowCrop=Rect(0, 0 - 0, 0) mStartDragOrChangingBounds=Rect(0, 0 - 0, 0) mEndDragOrChangingBounds=Rect(0, 0 - 0, 0) mBottomLeftCornerLeash=null mBottomRightCornerLeash=null mDragBarLeash=null mCornerHintSize=60x60 mDragBarSize=189x42}},{m=TO_BACK f=SHOW_WALLPAPER leash=Surface(name=Task=1)/@0x1bab1b1 sb=Rect(0, 0 - 1080, 2392) eb=Rect(0, 0 - 1080, 2392) epz=Point(1080, 2392) d=0 taskParent=-1 ntPopUpView={mIsTryEnterWindowingMode=false mIsEnterWindowingModeLandscape=false mIsChangingWindowformBounds=false mStartPos=Point(0, 0) mEndPos=Point(0, 0) mStartScale=0.0 mEndScale=0.0 mStartCornerRadius=0.0 mEndCornerRadius=0.0 mAppBounds=Rect(0, 0 - 0, 0) mWindowCrop=Rect(0, 0 - 0, 0) mStartDragOrChangingBounds=Rect(0, 0 - 0, 0) mEndDragOrChangingBounds=Rect(0, 0 - 0, 0) mBottomLeftCornerLeash=null mBottomRightCornerLeash=null mDragBarLeash=null mCornerHintSize=60x60 mDragBarSize=189x42}},{m=TO_BACK f=IS_WALLPAPER leash=Surface(name=WallpaperWindowToken{62483f0 showWhenLocked=false})/@0xe87c696 sb=Rect(0, 0 - 1080, 2392) eb=Rect(0, 0 - 1080, 2392) epz=Point(1080, 2392) d=0 ntPopUpView={mIsTryEnterWindowingMode=false mIsEnterWindowingModeLandscape=false mIsChangingWindowformBounds=false mStartPos=Point(0, 0) mEndPos=Point(0, 0) mStartScale=0.0 mEndScale=0.0 mStartCornerRadius=0.0 mEndCornerRadius=0.0 mAppBounds=Rect(0, 0 - 0, 0) mWindowCrop=Rect(0, 0 - 0, 0) mStartDragOrChangingBounds=Rect(0, 0 - 0, 0) mEndDragOrChangingBounds=Rect(0, 0 - 0, 0) mBottomLeftCornerLeash=null mBottomRightCornerLeash=null mDragBarLeash=null mCornerHintSize=0x0 mDragBarSize=0x0}}]}
06-13 02:22:54.732  3954  4047 V WindowManagerShell:  Checking filter Pair{{types=[] flags=0x0] notFlags=0x100 checks=[{atype=home independent=true modes=[OPEN,TO_FRONT] flags=NONE mustBeTask=false order=TOP topActivity=ComponentInfo{com.nothing.launcher/com.android.searchlauncher.SearchLauncher} launchCookie=null windowingMode=undefined},{atype=standard independent=true modes=[CLOSE,TO_BACK] flags=NONE mustBeTask=false order=ANY topActivity=null launchCookie=null windowingMode=undefined},{NOT atype=undefined independent=true modes=[] flags=NONE mustBeTask=true order=ANY topActivity=null launchCookie=null customAnim=true windowingMode=undefined}]} RemoteTransition { remoteTransition = android.window.IRemoteTransition$Stub$Proxy@92ff062, appThread = android.app.IApplicationThread$Stub$Proxy@27365f3, debugName = QuickstepLaunchHome }}
06-13 02:22:54.732  3954  4047 V WindowManagerShell:  Checking filter Pair{{types=[] flags=0x0] notFlags=0x100 checks=[{atype=home independent=true modes=[OPEN,TO_FRONT,CHANGE] flags=NONE mustBeTask=false order=TOP topActivity=ComponentInfo{com.nothing.launcher/com.android.searchlauncher.SearchLauncher} launchCookie=null windowingMode=undefined},{atype=standard independent=true modes=[CLOSE,TO_BACK] flags=TRANSLUCENT mustBeTask=false order=ANY topActivity=null launchCookie=null windowingMode=undefined}]} RemoteTransition { remoteTransition = android.window.IRemoteTransition$Stub$Proxy@124a2b0, appThread = android.app.IApplicationThread$Stub$Proxy@a4b1529, debugName = QuickstepLaunchHome_OpenTransluent }}
06-13 02:22:54.732  3954  4047 V WindowManagerShell:  Delegate animation for (#2917) to null
06-13 02:22:54.732  3954  4047 V WindowManagerShell: start default transition animation, info = {id=2917 t=OPEN f=0x0 trk=0 isSameTaskSwitch=false r=[0@Point(0, 0)] c=[{m=OPEN f=NONE leash=Surface(name=Task=21099)/@0x3263c58 sb=Rect(0, 0 - 1080, 2392) eb=Rect(0, 0 - 1080, 2392) epz=Point(1080, 2392) d=0 taskParent=-1 ntPopUpView={mIsTryEnterWindowingMode=false mIsEnterWindowingModeLandscape=false mIsChangingWindowformBounds=false mStartPos=Point(0, 0) mEndPos=Point(0, 0) mStartScale=0.0 mEndScale=0.0 mStartCornerRadius=0.0 mEndCornerRadius=0.0 mAppBounds=Rect(0, 0 - 0, 0) mWindowCrop=Rect(0, 0 - 0, 0) mStartDragOrChangingBounds=Rect(0, 0 - 0, 0) mEndDragOrChangingBounds=Rect(0, 0 - 0, 0) mBottomLeftCornerLeash=null mBottomRightCornerLeash=null mDragBarLeash=null mCornerHintSize=60x60 mDragBarSize=189x42}},{m=TO_BACK f=SHOW_WALLPAPER leash=Surface(name=Task=1)/@0x1bab1b1 sb=Rect(0, 0 - 1080, 2392) eb=Rect(0, 0 - 1080, 2392) epz=Point(1080, 2392) d=0 taskParent=-1 ntPopUpView={mIsTryEnterWindowingMode=false mIsEnterWindowingModeLandscape=false mIsChangingWindowformBounds=false mStartPos=Point(0, 0) mEndPos=Point(0, 0) mStartScale=0.0 mEndScale=0.0 mStartCornerRadius=0.0 mEndCornerRadius=0.0 mAppBounds=Rect(0, 0 - 0, 0) mWindowCrop=Rect(0, 0 - 0, 0) mStartDragOrChangingBounds=Rect(0, 0 - 0, 0) mEndDragOrChangingBounds=Rect(0, 0 - 0, 0) mBottomLeftCornerLeash=null mBottomRightCornerLeash=null mDragBarLeash=null mCornerHintSize=60x60 mDragBarSize=189x42}},{m=TO_BACK f=IS_WALLPAPER leash=Surface(name=WallpaperWindowToken{62483f0 showWhenLocked=false})/@0xe87c696 sb=Rect(0, 0 - 1080, 2392) eb=Rect(0, 0 - 1080, 2392) epz=Point(1080, 2392) d=0 ntPopUpView={mIsTryEnterWindowingMode=false mIsEnterWindowingModeLandscape=false mIsChangingWindowformBounds=false mStartPos=Point(0, 0) mEndPos=Point(0, 0) mStartScale=0.0 mEndScale=0.0 mStartCornerRadius=0.0 mEndCornerRadius=0.0 mAppBounds=Rect(0, 0 - 0, 0) mWindowCrop=Rect(0, 0 - 0, 0) mStartDragOrChangingBounds=Rect(0, 0 - 0, 0) mEndDragOrChangingBounds=Rect(0, 0 - 0, 0) mBottomLeftCornerLeash=null mBottomRightCornerLeash=null mDragBarLeash=null mCornerHintSize=0x0 mDragBarSize=0x0}}]}
06-13 02:22:54.733  3954  4047 V WindowManagerShell: loadAnimation: anim=android.view.animation.AnimationSet@a17b7ed animAttr=0x13 type=OPEN isEntrance=false
06-13 02:22:54.733 30255 30255 D nativeloader: Load libframework-connectivity-tiramisu-jni.so using APEX ns com_android_tethering for caller /apex/com.android.tethering/javalib/framework-connectivity-t.jar: ok
06-13 02:22:54.733  3954  4047 V WindowManagerShell: loadAnimation: anim=android.view.animation.AnimationSet@bc4e5e9 animAttr=0x12 type=OPEN isEntrance=true
06-13 02:22:54.734  4354  4354 I NT-TopTaskTracker: Call back onTaskMovedToFront taskId = 21099
06-13 02:22:54.734  3954  4047 V WindowManagerShell:  animated by com.android.wm.shell.transition.DefaultTransitionHandler@815994b
06-13 02:22:54.734  3162  3216 V WindowManager:     startWCT=WindowContainerTransaction { changes= {} hops= [] errorCallbackToken=null taskFragmentOrganizer=null }
06-13 02:22:54.735  3162  3216 V WindowManager:     info={id=2917 t=OPEN f=0x0 trk=0 isSameTaskSwitch=false r=[0@Point(0, 0)] c=[
06-13 02:22:54.735  3162  3216 V WindowManager:         {WCT{RemoteToken{605ef8b Task{73b699b #21099 type=standard A=10438:com.anonymous.MyNewAppClean}}} m=OPEN f=NONE leash=Surface(name=Task=21099)/@0xe498d05 sb=Rect(0, 0 - 1080, 2392) eb=Rect(0, 0 - 1080, 2392) epz=Point(1080, 2392) d=0 taskParent=-1 ntPopUpView={mIsTryEnterWindowingMode=false mIsEnterWindowingModeLandscape=false mIsChangingWindowformBounds=false mStartPos=Point(0, 0) mEndPos=Point(0, 0) mStartScale=0.0 mEndScale=0.0 mStartCornerRadius=0.0 mEndCornerRadius=0.0 mAppBounds=Rect(0, 0 - 0, 0) mWindowCrop=Rect(0, 0 - 0, 0) mStartDragOrChangingBounds=Rect(0, 0 - 0, 0) mEndDragOrChangingBounds=Rect(0, 0 - 0, 0) mBottomLeftCornerLeash=null mBottomRightCornerLeash=null mDragBarLeash=null mCornerHintSize=60x60 mDragBarSize=189x42}},
06-13 02:22:54.735  3162  3216 V WindowManager:         {WCT{RemoteToken{8c653a3 Task{84a7faa #1 type=home}}} m=TO_BACK f=SHOW_WALLPAPER leash=Surface(name=Task=1)/@0x45537d9 sb=Rect(0, 0 - 1080, 2392) eb=Rect(0, 0 - 1080, 2392) epz=Point(1080, 2392) d=0 taskParent=-1 ntPopUpView={mIsTryEnterWindowingMode=false mIsEnterWindowingModeLandscape=false mIsChangingWindowformBounds=false mStartPos=Point(0, 0) mEndPos=Point(0, 0) mStartScale=0.0 mEndScale=0.0 mStartCornerRadius=0.0 mEndCornerRadius=0.0 mAppBounds=Rect(0, 0 - 0, 0) mWindowCrop=Rect(0, 0 - 0, 0) mStartDragOrChangingBounds=Rect(0, 0 - 0, 0) mEndDragOrChangingBounds=Rect(0, 0 - 0, 0) mBottomLeftCornerLeash=null mBottomRightCornerLeash=null mDragBarLeash=null mCornerHintSize=60x60 mDragBarSize=189x42}},
06-13 02:22:54.735  3162  3216 V WindowManager:         {m=TO_BACK f=IS_WALLPAPER leash=Surface(name=WallpaperWindowToken{62483f0 showWhenLocked=false})/@0xd7b3d23 sb=Rect(0, 0 - 1080, 2392) eb=Rect(0, 0 - 1080, 2392) epz=Point(1080, 2392) d=0 ntPopUpView={mIsTryEnterWindowingMode=false mIsEnterWindowingModeLandscape=false mIsChangingWindowformBounds=false mStartPos=Point(0, 0) mEndPos=Point(0, 0) mStartScale=0.0 mEndScale=0.0 mStartCornerRadius=0.0 mEndCornerRadius=0.0 mAppBounds=Rect(0, 0 - 0, 0) mWindowCrop=Rect(0, 0 - 0, 0) mStartDragOrChangingBounds=Rect(0, 0 - 0, 0) mEndDragOrChangingBounds=Rect(0, 0 - 0, 0) mBottomLeftCornerLeash=null mBottomRightCornerLeash=null mDragBarLeash=null mCornerHintSize=0x0 mDragBarSize=0x0}}
06-13 02:22:54.735  3162  3216 V WindowManager:     ]}
06-13 02:22:54.735  2037  3017 D AHAL: FM: fm_set_parameters: 261: Enter
06-13 02:22:54.735  2037  3017 D AHAL: FM: fm_set_parameters: 319: exit
06-13 02:22:54.735  2037  3017 D AHAL: AudioDevice: SetParameters: 1609:  - screen = on
06-13 02:22:54.736  2037  3017 I PAL: ResourceManager: setParameter: 10772: Screen State:1
06-13 02:22:54.736  2037  3017 D AHAL: AudioDevice: SetParameters: 2456: exit: screen_state=on
06-13 02:22:54.738  3162  6917 D CompatibilityInfo: mCompatibilityFlags - 0
06-13 02:22:54.738  3162  6917 D CompatibilityInfo: applicationDensity - 420
06-13 02:22:54.738  3162  6917 D CompatibilityInfo: applicationScale - 1.0
06-13 02:22:54.739  3954  3954 D LightBarController: updateStatus= numStacks: 1, size: 1, appearance: 0
06-13 02:22:54.742  5378  5451 V OsAgent : broadcastSystemEvent - 7
06-13 02:22:54.744  3162  3786 D BackgroundInstallControlService: Package event received: 0
06-13 02:22:54.744  3162  3217 I SensorService: checkAndReportAmbientLightSensorStateChangeLocked new 0 old 0 force 0
06-13 02:22:54.751 30255 30255 D nativeloader: Configuring clns-9 for other apk /data/app/~~aKdhQwrFzEddJsASk0LB2w==/com.anonymous.MyNewAppClean-JVwyybsw4EyVW6coEiUXEg==/base.apk. target_sdk_version=36, uses_libraries=, library_path=/data/app/~~aKdhQwrFzEddJsASk0LB2w==/com.anonymous.MyNewAppClean-JVwyybsw4EyVW6coEiUXEg==/lib/arm64:/data/app/~~aKdhQwrFzEddJsASk0LB2w==/com.anonymous.MyNewAppClean-JVwyybsw4EyVW6coEiUXEg==/base.apk!/lib/arm64-v8a, permitted_path=/data:/mnt/expand:/data/user/0/com.anonymous.MyNewAppClean
06-13 02:22:54.754 30255 30255 I s.MyNewAppClean: AssetManager2(0xb4000078d286f558) locale list changing from [] to [fr-FR]
06-13 02:22:54.755  3162  3620 I EventHub: Removing device Monkey touch due to epoll hang-up event.
06-13 02:22:54.755  3162  3620 I EventHub: Removed device: path=/dev/input/event7 name=Monkey touch id=8 fd=448 classes=TOUCH | TOUCH_MT
06-13 02:22:54.756  3162  3620 I InputReader: Device removed: id=8, eventHubId=8, name='Monkey touch', descriptor='e1fe28b90f915c7d1febbd52c1ef84b3c4cbed9f', sources=TOUCHSCREEN
06-13 02:22:54.756 30255 30255 I Perf    : Connecting to perf service.
06-13 02:22:54.758 30255 30255 V GraphicsEnvironment: Currently set values for:
06-13 02:22:54.758 30255 30255 V GraphicsEnvironment:   angle_gl_driver_selection_pkgs=[com.android.angle, com.linecorp.b612.android, com.campmobile.snow, com.google.android.apps.tachyon]
06-13 02:22:54.758 30255 30255 V GraphicsEnvironment:   angle_gl_driver_selection_values=[angle, native, native, native]
06-13 02:22:54.758 30255 30255 V GraphicsEnvironment: com.anonymous.MyNewAppClean is not listed in per-application setting
06-13 02:22:54.758 30255 30255 V GraphicsEnvironment: ANGLE allowlist from config: 
06-13 02:22:54.758 30255 30255 V GraphicsEnvironment: com.anonymous.MyNewAppClean is not listed in ANGLE allowlist or settings, returning default
06-13 02:22:54.758 30255 30255 V GraphicsEnvironment: Neither updatable production driver nor prerelease driver is supported.
06-13 02:22:54.770 30255 30255 W FirebaseApp: Default FirebaseApp failed to initialize because no default options were found. This usually means that com.google.gms:google-services was not applied to your gradle project.
06-13 02:22:54.770 30255 30255 I FirebaseInitProvider: FirebaseApp initialization unsuccessful
06-13 02:22:54.770  3162  3620 E WindowManager: Display reconfigured outside of a transition: Display{#0 state=ON size=1080x2392 ROTATION_0}
06-13 02:22:54.771  3162  3620 I EventHub: Removing device '/dev/input/event7' due to inotify event
06-13 02:22:54.773 18313 18313 I PkDeviceHelper: PkDeviceHelper.refreshDevices():87 refreshing devices
06-13 02:22:54.775  4354  4354 D TouchInteractionService: disposeEventHandlers: Reason: Initializing input monitor due to: onTrackpadConnected() instance=249974535
06-13 02:22:54.775  4354  4354 D InputMonitorCompat: Input event receiver for monitor (swipe-up-disp0) disposed
06-13 02:22:54.775  4354  4354 D InputMonitorCompat: Input monitor (swipe-up-disp0) disposed
06-13 02:22:54.777  4354  4354 D InputMonitorCompat: Input monitor (swipe-up-disp0) created
06-13 02:22:54.777  4354  4354 D InputMonitorCompat: Input event receiver for monitor (swipe-up-disp0) created
06-13 02:22:54.777  4354  4354 I NT-OrientationTouchTransformer: AEROP-2352,createOrAddTouchRegion method called, info:rotation = 0
06-13 02:22:54.778 30255 30255 W SoLoader: Initializing SoLoader: 0
06-13 02:22:54.778 30255 30255 W SoLoader: Recording new base apk path: /data/app/~~aKdhQwrFzEddJsASk0LB2w==/com.anonymous.MyNewAppClean-JVwyybsw4EyVW6coEiUXEg==/base.apk
06-13 02:22:54.778 30255 30255 W SoLoader: Previously recorded 0 base apk paths.
06-13 02:22:54.778 30255 30255 I SoLoader: Preparing SO source: DirectorySoSource[root = /vendor/lib64 flags = 2]
06-13 02:22:54.778 30255 30255 I SoLoader: Preparing SO source: DirectorySoSource[root = /system/lib64 flags = 2]
06-13 02:22:54.779 30255 30255 I SoLoader: Preparing SO source: DirectApkSoSource[root = [/data/app/~~aKdhQwrFzEddJsASk0LB2w==/com.anonymous.MyNewAppClean-JVwyybsw4EyVW6coEiUXEg==/base.apk!/lib/arm64-v8a]]
06-13 02:22:54.780 30255 30255 I SoLoader: Preparing SO source: ApplicationSoSource[DirectorySoSource[root = /data/app/~~aKdhQwrFzEddJsASk0LB2w==/com.anonymous.MyNewAppClean-JVwyybsw4EyVW6coEiUXEg==/lib/arm64 flags = 0]]
06-13 02:22:54.780 30255 30255 I SoLoader: init finish: 4 SO sources prepared
06-13 02:22:54.780 30255 30255 W SoLoader: SoLoader initialized: 8
06-13 02:22:54.784  3954  3954 D NavigationModeController: getCurrentUserContext: contextUser=0 currentUser=0
06-13 02:22:54.785 27358 27358 I bynm    : onPause
06-13 02:22:54.786 27358 27358 W dolk    : measuring already stopped.
06-13 02:22:54.787 30255 30255 D nativeloader: Load /data/app/~~aKdhQwrFzEddJsASk0LB2w==/com.anonymous.MyNewAppClean-JVwyybsw4EyVW6coEiUXEg==/base.apk!/lib/arm64-v8a/libc++_shared.so using class loader ns clns-9 (caller=/data/app/~~aKdhQwrFzEddJsASk0LB2w==/com.anonymous.MyNewAppClean-JVwyybsw4EyVW6coEiUXEg==/base.apk!classes3.dex): ok
06-13 02:22:54.789 30255 30255 D nativeloader: Load /data/app/~~aKdhQwrFzEddJsASk0LB2w==/com.anonymous.MyNewAppClean-JVwyybsw4EyVW6coEiUXEg==/base.apk!/lib/arm64-v8a/libjsi.so using class loader ns clns-9 (caller=/data/app/~~aKdhQwrFzEddJsASk0LB2w==/com.anonymous.MyNewAppClean-JVwyybsw4EyVW6coEiUXEg==/base.apk!classes3.dex): ok
06-13 02:22:54.791 30255 30255 D nativeloader: Load /data/app/~~aKdhQwrFzEddJsASk0LB2w==/com.anonymous.MyNewAppClean-JVwyybsw4EyVW6coEiUXEg==/base.apk!/lib/arm64-v8a/libfbjni.so using class loader ns clns-9 (caller=/data/app/~~aKdhQwrFzEddJsASk0LB2w==/com.anonymous.MyNewAppClean-JVwyybsw4EyVW6coEiUXEg==/base.apk!classes3.dex): ok
06-13 02:22:54.793 30255 30255 D nativeloader: Load /data/app/~~aKdhQwrFzEddJsASk0LB2w==/com.anonymous.MyNewAppClean-JVwyybsw4EyVW6coEiUXEg==/base.apk!/lib/arm64-v8a/libreactnative.so using class loader ns clns-9 (caller=/data/app/~~aKdhQwrFzEddJsASk0LB2w==/com.anonymous.MyNewAppClean-JVwyybsw4EyVW6coEiUXEg==/base.apk!classes3.dex): ok
06-13 02:22:54.793 30255 30255 D jni_lib_merge: Entering merged library JNI_OnLoad.
06-13 02:22:54.793 30255 30255 D jni_lib_merge: Preparing 12 pre-merged libs (including stub)
06-13 02:22:54.793 30255 30255 D jni_lib_merge: Preparing to register libfabricjni_so.  onload_func: 0x77696dcedc
06-13 02:22:54.793 30255 30255 D jni_lib_merge: Preparing to register libreact_devsupportjni_so.  onload_func: 0x77697adf40
06-13 02:22:54.793 30255 30255 D jni_lib_merge: Preparing to register libreact_featureflagsjni_so.  onload_func: 0x77697c09f8
06-13 02:22:54.793 30255 30255 D jni_lib_merge: Preparing to register libreact_newarchdefaults_so.  onload_func: 0x77697e5e30
06-13 02:22:54.793 30255 30255 D jni_lib_merge: Preparing to register libreactnativeblob_so.  onload_func: 0x77698785b0
06-13 02:22:54.793 30255 30255 D jni_lib_merge: Preparing to register libreactnativejni_so.  onload_func: 0x7769892b24
06-13 02:22:54.793 30255 30255 D jni_lib_merge: Preparing to register libreactnativejni_common_so.  onload_func: 0x7769899458
06-13 02:22:54.793 30255 30255 D jni_lib_merge: Preparing to register librninstance_so.  onload_func: 0x77698b5070
06-13 02:22:54.793 30255 30255 D jni_lib_merge: Preparing to register libturbomodulejsijni_so.  onload_func: 0x776994d1a4
06-13 02:22:54.793 30255 30255 D jni_lib_merge: Preparing to register libuimanagerjni_so.  onload_func: 0x77699547e0
06-13 02:22:54.793 30255 30255 D jni_lib_merge: Preparing to register libyoga_so.  onload_func: 0x776995bda4
06-13 02:22:54.793 30255 30255 D jni_lib_merge: About to register 11 actual methods.
06-13 02:22:54.798 30255 30255 D nativeloader: Load /data/app/~~aKdhQwrFzEddJsASk0LB2w==/com.anonymous.MyNewAppClean-JVwyybsw4EyVW6coEiUXEg==/base.apk!/lib/arm64-v8a/libreact_codegen_rnscreens.so using class loader ns clns-9 (caller=/data/app/~~aKdhQwrFzEddJsASk0LB2w==/com.anonymous.MyNewAppClean-JVwyybsw4EyVW6coEiUXEg==/base.apk!classes3.dex): ok
06-13 02:22:54.798 30255 30255 D jni_lib_merge: Entering merged library JNI_OnLoad.
06-13 02:22:54.798 30255 30255 D jni_lib_merge: Preparing 12 pre-merged libs (including stub)
06-13 02:22:54.798 30255 30255 D jni_lib_merge: Preparing to register libfabricjni_so.  onload_func: 0x77696dcedc
